15:06:12 **** Build of project USB104A7_ZmodADC_Demo_bsp ****
make -k all 
"Running Make include in microblaze_0/libsrc/axidma_v9_9/src"
make -C microblaze_0/libsrc/axidma_v9_9/src -s include  "SHELL=CMD" "COMPILER=mb-gcc" "ARCHIVER=mb-ar" "COMPILER_FLAGS=  -O2 -c -mcpu=v11.0 -mlittle-endian -mxl-soft-mul" "EXTRA_COMPILER_FLAGS=-ffunction-sections -fdata-sections -Wall -Wextra"
"Running Make include in microblaze_0/libsrc/AXI_DPTI_v1_0/src"
make -C microblaze_0/libsrc/AXI_DPTI_v1_0/src -s include  "SHELL=CMD" "COMPILER=mb-gcc" "ARCHIVER=mb-ar" "COMPILER_FLAGS=  -O2 -c -mcpu=v11.0 -mlittle-endian -mxl-soft-mul" "EXTRA_COMPILER_FLAGS=-ffunction-sections -fdata-sections -Wall -Wextra"
"Running Make include in microblaze_0/libsrc/bram_v4_3/src"
make -C microblaze_0/libsrc/bram_v4_3/src -s include  "SHELL=CMD" "COMPILER=mb-gcc" "ARCHIVER=mb-ar" "COMPILER_FLAGS=  -O2 -c -mcpu=v11.0 -mlittle-endian -mxl-soft-mul" "EXTRA_COMPILER_FLAGS=-ffunction-sections -fdata-sections -Wall -Wextra"
"Running Make include in microblaze_0/libsrc/cpu_v2_9/src"
make -C microblaze_0/libsrc/cpu_v2_9/src -s include  "SHELL=CMD" "COMPILER=mb-gcc" "ARCHIVER=mb-ar" "COMPILER_FLAGS=  -O2 -c -mcpu=v11.0 -mlittle-endian -mxl-soft-mul" "EXTRA_COMPILER_FLAGS=-ffunction-sections -fdata-sections -Wall -Wextra"
"Running Make include in microblaze_0/libsrc/iic_v3_5/src"
make -C microblaze_0/libsrc/iic_v3_5/src -s include  "SHELL=CMD" "COMPILER=mb-gcc" "ARCHIVER=mb-ar" "COMPILER_FLAGS=  -O2 -c -mcpu=v11.0 -mlittle-endian -mxl-soft-mul" "EXTRA_COMPILER_FLAGS=-ffunction-sections -fdata-sections -Wall -Wextra"
"Running Make include in microblaze_0/libsrc/intc_v3_9/src"
make -C microblaze_0/libsrc/intc_v3_9/src -s include  "SHELL=CMD" "COMPILER=mb-gcc" "ARCHIVER=mb-ar" "COMPILER_FLAGS=  -O2 -c -mcpu=v11.0 -mlittle-endian -mxl-soft-mul" "EXTRA_COMPILER_FLAGS=-ffunction-sections -fdata-sections -Wall -Wextra"
"Running Make include in microblaze_0/libsrc/standalone_v7_0/src"
make -C microblaze_0/libsrc/standalone_v7_0/src -s include  "SHELL=CMD" "COMPILER=mb-gcc" "ARCHIVER=mb-ar" "COMPILER_FLAGS=  -O2 -c -mcpu=v11.0 -mlittle-endian -mxl-soft-mul" "EXTRA_COMPILER_FLAGS=-ffunction-sections -fdata-sections -Wall -Wextra"
"Running Make include in microblaze_0/libsrc/uartlite_v3_2/src"
make -C microblaze_0/libsrc/uartlite_v3_2/src -s include  "SHELL=CMD" "COMPILER=mb-gcc" "ARCHIVER=mb-ar" "COMPILER_FLAGS=  -O2 -c -mcpu=v11.0 -mlittle-endian -mxl-soft-mul" "EXTRA_COMPILER_FLAGS=-ffunction-sections -fdata-sections -Wall -Wextra"
"Running Make libs in microblaze_0/libsrc/axidma_v9_9/src"
make -C microblaze_0/libsrc/axidma_v9_9/src -s libs  "SHELL=CMD" "COMPILER=mb-gcc" "ARCHIVER=mb-ar" "COMPILER_FLAGS=  -O2 -c -mcpu=v11.0 -mlittle-endian -mxl-soft-mul" "EXTRA_COMPILER_FLAGS=-ffunction-sections -fdata-sections -Wall -Wextra"
"Compiling axidma"
mb-ar: creating ../../../lib/libxil.a
"Running Make libs in microblaze_0/libsrc/AXI_DPTI_v1_0/src"
make -C microblaze_0/libsrc/AXI_DPTI_v1_0/src -s libs  "SHELL=CMD" "COMPILER=mb-gcc" "ARCHIVER=mb-ar" "COMPILER_FLAGS=  -O2 -c -mcpu=v11.0 -mlittle-endian -mxl-soft-mul" "EXTRA_COMPILER_FLAGS=-ffunction-sections -fdata-sections -Wall -Wextra"
"Compiling AXI_DPTI..."
"Running Make libs in microblaze_0/libsrc/bram_v4_3/src"
make -C microblaze_0/libsrc/bram_v4_3/src -s libs  "SHELL=CMD" "COMPILER=mb-gcc" "ARCHIVER=mb-ar" "COMPILER_FLAGS=  -O2 -c -mcpu=v11.0 -mlittle-endian -mxl-soft-mul" "EXTRA_COMPILER_FLAGS=-ffunction-sections -fdata-sections -Wall -Wextra"
"Compiling bram"
"Running Make libs in microblaze_0/libsrc/cpu_v2_9/src"
make -C microblaze_0/libsrc/cpu_v2_9/src -s libs  "SHELL=CMD" "COMPILER=mb-gcc" "ARCHIVER=mb-ar" "COMPILER_FLAGS=  -O2 -c -mcpu=v11.0 -mlittle-endian -mxl-soft-mul" "EXTRA_COMPILER_FLAGS=-ffunction-sections -fdata-sections -Wall -Wextra"
"Compiling cpu"
"Running Make libs in microblaze_0/libsrc/iic_v3_5/src"
make -C microblaze_0/libsrc/iic_v3_5/src -s libs  "SHELL=CMD" "COMPILER=mb-gcc" "ARCHIVER=mb-ar" "COMPILER_FLAGS=  -O2 -c -mcpu=v11.0 -mlittle-endian -mxl-soft-mul" "EXTRA_COMPILER_FLAGS=-ffunction-sections -fdata-sections -Wall -Wextra"
"Compiling iic"
"Running Make libs in microblaze_0/libsrc/intc_v3_9/src"
make -C microblaze_0/libsrc/intc_v3_9/src -s libs  "SHELL=CMD" "COMPILER=mb-gcc" "ARCHIVER=mb-ar" "COMPILER_FLAGS=  -O2 -c -mcpu=v11.0 -mlittle-endian -mxl-soft-mul" "EXTRA_COMPILER_FLAGS=-ffunction-sections -fdata-sections -Wall -Wextra"
"Compiling intc"
"Running Make libs in microblaze_0/libsrc/standalone_v7_0/src"
make -C microblaze_0/libsrc/standalone_v7_0/src -s libs  "SHELL=CMD" "COMPILER=mb-gcc" "ARCHIVER=mb-ar" "COMPILER_FLAGS=  -O2 -c -mcpu=v11.0 -mlittle-endian -mxl-soft-mul" "EXTRA_COMPILER_FLAGS=-ffunction-sections -fdata-sections -Wall -Wextra"
"Compiling standalone";
microblaze_sleep.c:77:9: note: #pragma message: For the sleep routines, assembly instructions are used
 #pragma message ("For the sleep routines, assembly instructions are used")
         ^~~~~~~
"Running Make libs in microblaze_0/libsrc/uartlite_v3_2/src"
make -C microblaze_0/libsrc/uartlite_v3_2/src -s libs  "SHELL=CMD" "COMPILER=mb-gcc" "ARCHIVER=mb-ar" "COMPILER_FLAGS=  -O2 -c -mcpu=v11.0 -mlittle-endian -mxl-soft-mul" "EXTRA_COMPILER_FLAGS=-ffunction-sections -fdata-sections -Wall -Wextra"
"Compiling uartlite"
'Finished building libraries'
15:06:19 **** Build of configuration Debug for project USB104A7_ZmodADC_Demo ****
make all 
'Building file: ../src/main.cc'
'Invoking: MicroBlaze g++ compiler'
mb-g++ -Wall -O0 -g3 -c -fmessage-length=0 -MT"src/main.o" -I../../USB104A7_ZmodADC_Demo_bsp/microblaze_0/include -mlittle-endian -mcpu=v11.0 -mxl-soft-mul -Wl,--no-relax -ffunction-sections -fdata-sections -MMD -MP -MF"src/main.d" -MT"src/main.o" -o "src/main.o" "../src/main.cc"
'Finished building: ../src/main.cc'
' '
'Building target: USB104A7_ZmodADC_Demo.elf'
'Invoking: MicroBlaze g++ linker'
mb-g++ -Wl,-T -Wl,../src/lscript.ld -L../../USB104A7_ZmodADC_Demo_bsp/microblaze_0/lib -mlittle-endian -mcpu=v11.0 -mxl-soft-mul -Wl,--no-relax -Wl,--gc-sections -o "USB104A7_ZmodADC_Demo.elf"  ./src/main.o   -Wl,--start-group,-lxil,-lgcc,-lc,-lstdc++,--end-group
'Finished building target: USB104A7_ZmodADC_Demo.elf'
' '
'Invoking: MicroBlaze Print Size'
mb-size USB104A7_ZmodADC_Demo.elf  |tee "USB104A7_ZmodADC_Demo.elf.size"
   text	   data	    bss	    dec	    hex	filename
   2352	    336	   3104	   5792	   16a0	USB104A7_ZmodADC_Demo.elf
'Finished building: USB104A7_ZmodADC_Demo.elf.size'
' '
15:06:29 **** Auto Build of configuration Debug for project USB104A7_ZmodADC_Demo ****
make all 
'Building file: ../src/main.cc'
'Invoking: MicroBlaze g++ compiler'
mb-g++ -Wall -O0 -g3 -c -fmessage-length=0 -MT"src/main.o" -I../../USB104A7_ZmodADC_Demo_bsp/microblaze_0/include -mlittle-endian -mcpu=v11.0 -mxl-soft-mul -Wl,--no-relax -ffunction-sections -fdata-sections -MMD -MP -MF"src/main.d" -MT"src/main.o" -o "src/main.o" "../src/main.cc"
'Finished building: ../src/main.cc'
' '
'Building file: ../src/ZmodADC1410/zmodadc1410.cpp'
'Invoking: MicroBlaze g++ compiler'
mb-g++ -Wall -O0 -g3 -c -fmessage-length=0 -MT"src/ZmodADC1410/zmodadc1410.o" -I../../USB104A7_ZmodADC_Demo_bsp/microblaze_0/include -mlittle-endian -mcpu=v11.0 -mxl-soft-mul -Wl,--no-relax -ffunction-sections -fdata-sections -MMD -MP -MF"src/ZmodADC1410/zmodadc1410.d" -MT"src/ZmodADC1410/zmodadc1410.o" -o "src/ZmodADC1410/zmodadc1410.o" "../src/ZmodADC1410/zmodadc1410.cpp"
'Finished building: ../src/ZmodADC1410/zmodadc1410.cpp'
' '
'Building file: ../src/Zmod/linux/reg/reg.c'
'Invoking: MicroBlaze g++ compiler'
mb-g++ -Wall -O0 -g3 -c -fmessage-length=0 -MT"src/Zmod/linux/reg/reg.o" -I../../USB104A7_ZmodADC_Demo_bsp/microblaze_0/include -mlittle-endian -mcpu=v11.0 -mxl-soft-mul -Wl,--no-relax -ffunction-sections -fdata-sections -MMD -MP -MF"src/Zmod/linux/reg/reg.d" -MT"src/Zmod/linux/reg/reg.o" -o "src/Zmod/linux/reg/reg.o" "../src/Zmod/linux/reg/reg.c"
'Finished building: ../src/Zmod/linux/reg/reg.c'
' '
'Building file: ../src/Zmod/linux/flash/flash.c'
'Invoking: MicroBlaze g++ compiler'
mb-g++ -Wall -O0 -g3 -c -fmessage-length=0 -MT"src/Zmod/linux/flash/flash.o" -I../../USB104A7_ZmodADC_Demo_bsp/microblaze_0/include -mlittle-endian -mcpu=v11.0 -mxl-soft-mul -Wl,--no-relax -ffunction-sections -fdata-sections -MMD -MP -MF"src/Zmod/linux/flash/flash.d" -MT"src/Zmod/linux/flash/flash.o" -o "src/Zmod/linux/flash/flash.o" "../src/Zmod/linux/flash/flash.c"
'Finished building: ../src/Zmod/linux/flash/flash.c'
' '
'Building file: ../src/Zmod/linux/dma/dma.c'
'Invoking: MicroBlaze g++ compiler'
mb-g++ -Wall -O0 -g3 -c -fmessage-length=0 -MT"src/Zmod/linux/dma/dma.o" -I../../USB104A7_ZmodADC_Demo_bsp/microblaze_0/include -mlittle-endian -mcpu=v11.0 -mxl-soft-mul -Wl,--no-relax -ffunction-sections -fdata-sections -MMD -MP -MF"src/Zmod/linux/dma/dma.d" -MT"src/Zmod/linux/dma/dma.o" -o "src/Zmod/linux/dma/dma.o" "../src/Zmod/linux/dma/dma.c"
'Finished building: ../src/Zmod/linux/dma/dma.c'
' '
'Building file: ../src/Zmod/linux/dma/libaxidma.c'
'Invoking: MicroBlaze g++ compiler'
mb-g++ -Wall -O0 -g3 -c -fmessage-length=0 -MT"src/Zmod/linux/dma/libaxidma.o" -I../../USB104A7_ZmodADC_Demo_bsp/microblaze_0/include -mlittle-endian -mcpu=v11.0 -mxl-soft-mul -Wl,--no-relax -ffunction-sections -fdata-sections -MMD -MP -MF"src/Zmod/linux/dma/libaxidma.d" -MT"src/Zmod/linux/dma/libaxidma.o" -o "src/Zmod/linux/dma/libaxidma.o" "../src/Zmod/linux/dma/libaxidma.c"
'Finished building: ../src/Zmod/linux/dma/libaxidma.c'
' '
'Building file: ../src/Zmod/linux/utils.c'
'Invoking: MicroBlaze g++ compiler'
mb-g++ -Wall -O0 -g3 -c -fmessage-length=0 -MT"src/Zmod/linux/utils.o" -I../../USB104A7_ZmodADC_Demo_bsp/microblaze_0/include -mlittle-endian -mcpu=v11.0 -mxl-soft-mul -Wl,--no-relax -ffunction-sections -fdata-sections -MMD -MP -MF"src/Zmod/linux/utils.d" -MT"src/Zmod/linux/utils.o" -o "src/Zmod/linux/utils.o" "../src/Zmod/linux/utils.c"
'Finished building: ../src/Zmod/linux/utils.c'
' '
'Building file: ../src/Zmod/baremetal/reg/reg.c'
'Invoking: MicroBlaze g++ compiler'
mb-g++ -Wall -O0 -g3 -c -fmessage-length=0 -MT"src/Zmod/baremetal/reg/reg.o" -I../../USB104A7_ZmodADC_Demo_bsp/microblaze_0/include -mlittle-endian -mcpu=v11.0 -mxl-soft-mul -Wl,--no-relax -ffunction-sections -fdata-sections -MMD -MP -MF"src/Zmod/baremetal/reg/reg.d" -MT"src/Zmod/baremetal/reg/reg.o" -o "src/Zmod/baremetal/reg/reg.o" "../src/Zmod/baremetal/reg/reg.c"
'Finished building: ../src/Zmod/baremetal/reg/reg.c'
' '
'Building file: ../src/Zmod/baremetal/intc/intc.c'
'Invoking: MicroBlaze g++ compiler'
mb-g++ -Wall -O0 -g3 -c -fmessage-length=0 -MT"src/Zmod/baremetal/intc/intc.o" -I../../USB104A7_ZmodADC_Demo_bsp/microblaze_0/include -mlittle-endian -mcpu=v11.0 -mxl-soft-mul -Wl,--no-relax -ffunction-sections -fdata-sections -MMD -MP -MF"src/Zmod/baremetal/intc/intc.d" -MT"src/Zmod/baremetal/intc/intc.o" -o "src/Zmod/baremetal/intc/intc.o" "../src/Zmod/baremetal/intc/intc.c"
'Finished building: ../src/Zmod/baremetal/intc/intc.c'
' '
'Building file: ../src/Zmod/baremetal/flash/flash.c'
'Invoking: MicroBlaze g++ compiler'
mb-g++ -Wall -O0 -g3 -c -fmessage-length=0 -MT"src/Zmod/baremetal/flash/flash.o" -I../../USB104A7_ZmodADC_Demo_bsp/microblaze_0/include -mlittle-endian -mcpu=v11.0 -mxl-soft-mul -Wl,--no-relax -ffunction-sections -fdata-sections -MMD -MP -MF"src/Zmod/baremetal/flash/flash.d" -MT"src/Zmod/baremetal/flash/flash.o" -o "src/Zmod/baremetal/flash/flash.o" "../src/Zmod/baremetal/flash/flash.c"
'Finished building: ../src/Zmod/baremetal/flash/flash.c'
' '
'Building file: ../src/Zmod/baremetal/dma/dma.c'
'Invoking: MicroBlaze g++ compiler'
mb-g++ -Wall -O0 -g3 -c -fmessage-length=0 -MT"src/Zmod/baremetal/dma/dma.o" -I../../USB104A7_ZmodADC_Demo_bsp/microblaze_0/include -mlittle-endian -mcpu=v11.0 -mxl-soft-mul -Wl,--no-relax -ffunction-sections -fdata-sections -MMD -MP -MF"src/Zmod/baremetal/dma/dma.d" -MT"src/Zmod/baremetal/dma/dma.o" -o "src/Zmod/baremetal/dma/dma.o" "../src/Zmod/baremetal/dma/dma.c"
'Finished building: ../src/Zmod/baremetal/dma/dma.c'
' '
'Building file: ../src/Zmod/zmod.cpp'
'Invoking: MicroBlaze g++ compiler'
mb-g++ -Wall -O0 -g3 -c -fmessage-length=0 -MT"src/Zmod/zmod.o" -I../../USB104A7_ZmodADC_Demo_bsp/microblaze_0/include -mlittle-endian -mcpu=v11.0 -mxl-soft-mul -Wl,--no-relax -ffunction-sections -fdata-sections -MMD -MP -MF"src/Zmod/zmod.d" -MT"src/Zmod/zmod.o" -o "src/Zmod/zmod.o" "../src/Zmod/zmod.cpp"
'Finished building: ../src/Zmod/zmod.cpp'
' '
'Building file: ../src/DPTI/dpti.c'
'Invoking: MicroBlaze g++ compiler'
mb-g++ -Wall -O0 -g3 -c -fmessage-length=0 -MT"src/DPTI/dpti.o" -I../../USB104A7_ZmodADC_Demo_bsp/microblaze_0/include -mlittle-endian -mcpu=v11.0 -mxl-soft-mul -Wl,--no-relax -ffunction-sections -fdata-sections -MMD -MP -MF"src/DPTI/dpti.d" -MT"src/DPTI/dpti.o" -o "src/DPTI/dpti.o" "../src/DPTI/dpti.c"
'Finished building: ../src/DPTI/dpti.c'
' '
'Building file: ../src/platform.c'
'Invoking: MicroBlaze g++ compiler'
mb-g++ -Wall -O0 -g3 -c -fmessage-length=0 -MT"src/platform.o" -I../../USB104A7_ZmodADC_Demo_bsp/microblaze_0/include -mlittle-endian -mcpu=v11.0 -mxl-soft-mul -Wl,--no-relax -ffunction-sections -fdata-sections -MMD -MP -MF"src/platform.d" -MT"src/platform.o" -o "src/platform.o" "../src/platform.c"
'Finished building: ../src/platform.c'
' '
'Building target: USB104A7_ZmodADC_Demo.elf'
'Invoking: MicroBlaze g++ linker'
mb-g++ -Wl,-T -Wl,../src/lscript.ld -L../../USB104A7_ZmodADC_Demo_bsp/microblaze_0/lib -mlittle-endian -mcpu=v11.0 -mxl-soft-mul -Wl,--no-relax -Wl,--gc-sections -o "USB104A7_ZmodADC_Demo.elf"  ./src/ZmodADC1410/zmodadc1410.o  ./src/Zmod/linux/reg/reg.o  ./src/Zmod/linux/flash/flash.o  ./src/Zmod/linux/dma/dma.o ./src/Zmod/linux/dma/libaxidma.o  ./src/Zmod/linux/utils.o  ./src/Zmod/baremetal/reg/reg.o  ./src/Zmod/baremetal/intc/intc.o  ./src/Zmod/baremetal/flash/flash.o  ./src/Zmod/baremetal/dma/dma.o  ./src/Zmod/zmod.o  ./src/DPTI/dpti.o  ./src/main.o ./src/platform.o   -Wl,--start-group,-lxil,-lgcc,-lc,-lstdc++,--end-group
'Finished building target: USB104A7_ZmodADC_Demo.elf'
' '
'Invoking: MicroBlaze Print Size'
mb-size USB104A7_ZmodADC_Demo.elf  |tee "USB104A7_ZmodADC_Demo.elf.size"
   text	   data	    bss	    dec	    hex	filename
  93344	   1908	 527660	 622912	  98140	USB104A7_ZmodADC_Demo.elf
'Finished building: USB104A7_ZmodADC_Demo.elf.size'
' '
15:07:41 **** Incremental Build of configuration Debug for project USB104A7_ZmodADC_Demo ****
make all 
make: Nothing to be done for 'all'.
15:08:26 **** Incremental Build of configuration Debug for project USB104A7_ZmodADC_Demo ****
make all 
make: Nothing to be done for 'all'.
16:53:50 **** Clean-only build of project USB104A7_ZmodADC_Demo_bsp ****
make -k clean 
make -C microblaze_0/libsrc/axidma_v9_9/src -s clean 
make -C microblaze_0/libsrc/AXI_DPTI_v1_0/src -s clean 
make -C microblaze_0/libsrc/bram_v4_3/src -s clean 
make -C microblaze_0/libsrc/cpu_v2_9/src -s clean 
make -C microblaze_0/libsrc/iic_v3_5/src -s clean 
make -C microblaze_0/libsrc/intc_v3_9/src -s clean 
make -C microblaze_0/libsrc/standalone_v7_0/src -s clean 
make -C microblaze_0/libsrc/uartlite_v3_2/src -s clean 
rm -f microblaze_0/lib/libxil.a
16:53:51 **** Clean-only build of configuration Debug for project USB104A7_ZmodADC_Demo ****
make clean 
rm -rf  ./src/main.d  ./src/ZmodADC1410/zmodadc1410.o  ./src/Zmod/linux/reg/reg.o  ./src/Zmod/linux/flash/flash.o  ./src/Zmod/linux/dma/dma.o ./src/Zmod/linux/dma/libaxidma.o  ./src/Zmod/linux/utils.o  ./src/Zmod/baremetal/reg/reg.o  ./src/Zmod/baremetal/intc/intc.o  ./src/Zmod/baremetal/flash/flash.o  ./src/Zmod/baremetal/dma/dma.o  ./src/Zmod/zmod.o  ./src/DPTI/dpti.o  ./src/main.o ./src/platform.o  ./src/Zmod/linux/reg/reg.d  ./src/Zmod/linux/flash/flash.d  ./src/Zmod/linux/dma/dma.d ./src/Zmod/linux/dma/libaxidma.d  ./src/Zmod/linux/utils.d  ./src/Zmod/baremetal/reg/reg.d  ./src/Zmod/baremetal/intc/intc.d  ./src/Zmod/baremetal/flash/flash.d  ./src/Zmod/baremetal/dma/dma.d  ./src/DPTI/dpti.d  ./src/platform.d  ./src/ZmodADC1410/zmodadc1410.d  ./src/Zmod/zmod.d  USB104A7_ZmodADC_Demo.elf.size  USB104A7_ZmodADC_Demo.elf
' '
16:53:51 **** Build of project USB104A7_ZmodADC_Demo_bsp ****
make -k all 
"Running Make include in microblaze_0/libsrc/axidma_v9_9/src"
make -C microblaze_0/libsrc/axidma_v9_9/src -s include  "SHELL=CMD" "COMPILER=mb-gcc" "ARCHIVER=mb-ar" "COMPILER_FLAGS=  -O2 -c -mcpu=v11.0 -mlittle-endian -mxl-soft-mul" "EXTRA_COMPILER_FLAGS=-ffunction-sections -fdata-sections -Wall -Wextra"
"Running Make include in microblaze_0/libsrc/AXI_DPTI_v1_0/src"
make -C microblaze_0/libsrc/AXI_DPTI_v1_0/src -s include  "SHELL=CMD" "COMPILER=mb-gcc" "ARCHIVER=mb-ar" "COMPILER_FLAGS=  -O2 -c -mcpu=v11.0 -mlittle-endian -mxl-soft-mul" "EXTRA_COMPILER_FLAGS=-ffunction-sections -fdata-sections -Wall -Wextra"
"Running Make include in microblaze_0/libsrc/bram_v4_3/src"
make -C microblaze_0/libsrc/bram_v4_3/src -s include  "SHELL=CMD" "COMPILER=mb-gcc" "ARCHIVER=mb-ar" "COMPILER_FLAGS=  -O2 -c -mcpu=v11.0 -mlittle-endian -mxl-soft-mul" "EXTRA_COMPILER_FLAGS=-ffunction-sections -fdata-sections -Wall -Wextra"
"Running Make include in microblaze_0/libsrc/cpu_v2_9/src"
make -C microblaze_0/libsrc/cpu_v2_9/src -s include  "SHELL=CMD" "COMPILER=mb-gcc" "ARCHIVER=mb-ar" "COMPILER_FLAGS=  -O2 -c -mcpu=v11.0 -mlittle-endian -mxl-soft-mul" "EXTRA_COMPILER_FLAGS=-ffunction-sections -fdata-sections -Wall -Wextra"
"Running Make include in microblaze_0/libsrc/iic_v3_5/src"
make -C microblaze_0/libsrc/iic_v3_5/src -s include  "SHELL=CMD" "COMPILER=mb-gcc" "ARCHIVER=mb-ar" "COMPILER_FLAGS=  -O2 -c -mcpu=v11.0 -mlittle-endian -mxl-soft-mul" "EXTRA_COMPILER_FLAGS=-ffunction-sections -fdata-sections -Wall -Wextra"
"Running Make include in microblaze_0/libsrc/intc_v3_9/src"
make -C microblaze_0/libsrc/intc_v3_9/src -s include  "SHELL=CMD" "COMPILER=mb-gcc" "ARCHIVER=mb-ar" "COMPILER_FLAGS=  -O2 -c -mcpu=v11.0 -mlittle-endian -mxl-soft-mul" "EXTRA_COMPILER_FLAGS=-ffunction-sections -fdata-sections -Wall -Wextra"
"Running Make include in microblaze_0/libsrc/standalone_v7_0/src"
make -C microblaze_0/libsrc/standalone_v7_0/src -s include  "SHELL=CMD" "COMPILER=mb-gcc" "ARCHIVER=mb-ar" "COMPILER_FLAGS=  -O2 -c -mcpu=v11.0 -mlittle-endian -mxl-soft-mul" "EXTRA_COMPILER_FLAGS=-ffunction-sections -fdata-sections -Wall -Wextra"
"Running Make include in microblaze_0/libsrc/uartlite_v3_2/src"
make -C microblaze_0/libsrc/uartlite_v3_2/src -s include  "SHELL=CMD" "COMPILER=mb-gcc" "ARCHIVER=mb-ar" "COMPILER_FLAGS=  -O2 -c -mcpu=v11.0 -mlittle-endian -mxl-soft-mul" "EXTRA_COMPILER_FLAGS=-ffunction-sections -fdata-sections -Wall -Wextra"
"Running Make libs in microblaze_0/libsrc/axidma_v9_9/src"
make -C microblaze_0/libsrc/axidma_v9_9/src -s libs  "SHELL=CMD" "COMPILER=mb-gcc" "ARCHIVER=mb-ar" "COMPILER_FLAGS=  -O2 -c -mcpu=v11.0 -mlittle-endian -mxl-soft-mul" "EXTRA_COMPILER_FLAGS=-ffunction-sections -fdata-sections -Wall -Wextra"
"Compiling axidma"
mb-ar: creating ../../../lib/libxil.a
"Running Make libs in microblaze_0/libsrc/AXI_DPTI_v1_0/src"
make -C microblaze_0/libsrc/AXI_DPTI_v1_0/src -s libs  "SHELL=CMD" "COMPILER=mb-gcc" "ARCHIVER=mb-ar" "COMPILER_FLAGS=  -O2 -c -mcpu=v11.0 -mlittle-endian -mxl-soft-mul" "EXTRA_COMPILER_FLAGS=-ffunction-sections -fdata-sections -Wall -Wextra"
"Compiling AXI_DPTI..."
"Running Make libs in microblaze_0/libsrc/bram_v4_3/src"
make -C microblaze_0/libsrc/bram_v4_3/src -s libs  "SHELL=CMD" "COMPILER=mb-gcc" "ARCHIVER=mb-ar" "COMPILER_FLAGS=  -O2 -c -mcpu=v11.0 -mlittle-endian -mxl-soft-mul" "EXTRA_COMPILER_FLAGS=-ffunction-sections -fdata-sections -Wall -Wextra"
"Compiling bram"
"Running Make libs in microblaze_0/libsrc/cpu_v2_9/src"
make -C microblaze_0/libsrc/cpu_v2_9/src -s libs  "SHELL=CMD" "COMPILER=mb-gcc" "ARCHIVER=mb-ar" "COMPILER_FLAGS=  -O2 -c -mcpu=v11.0 -mlittle-endian -mxl-soft-mul" "EXTRA_COMPILER_FLAGS=-ffunction-sections -fdata-sections -Wall -Wextra"
"Compiling cpu"
"Running Make libs in microblaze_0/libsrc/iic_v3_5/src"
make -C microblaze_0/libsrc/iic_v3_5/src -s libs  "SHELL=CMD" "COMPILER=mb-gcc" "ARCHIVER=mb-ar" "COMPILER_FLAGS=  -O2 -c -mcpu=v11.0 -mlittle-endian -mxl-soft-mul" "EXTRA_COMPILER_FLAGS=-ffunction-sections -fdata-sections -Wall -Wextra"
"Compiling iic"
"Running Make libs in microblaze_0/libsrc/intc_v3_9/src"
make -C microblaze_0/libsrc/intc_v3_9/src -s libs  "SHELL=CMD" "COMPILER=mb-gcc" "ARCHIVER=mb-ar" "COMPILER_FLAGS=  -O2 -c -mcpu=v11.0 -mlittle-endian -mxl-soft-mul" "EXTRA_COMPILER_FLAGS=-ffunction-sections -fdata-sections -Wall -Wextra"
"Compiling intc"
"Running Make libs in microblaze_0/libsrc/standalone_v7_0/src"
make -C microblaze_0/libsrc/standalone_v7_0/src -s libs  "SHELL=CMD" "COMPILER=mb-gcc" "ARCHIVER=mb-ar" "COMPILER_FLAGS=  -O2 -c -mcpu=v11.0 -mlittle-endian -mxl-soft-mul" "EXTRA_COMPILER_FLAGS=-ffunction-sections -fdata-sections -Wall -Wextra"
"Compiling standalone";
microblaze_sleep.c:77:9: note: #pragma message: For the sleep routines, assembly instructions are used
 #pragma message ("For the sleep routines, assembly instructions are used")
         ^~~~~~~
"Running Make libs in microblaze_0/libsrc/uartlite_v3_2/src"
make -C microblaze_0/libsrc/uartlite_v3_2/src -s libs  "SHELL=CMD" "COMPILER=mb-gcc" "ARCHIVER=mb-ar" "COMPILER_FLAGS=  -O2 -c -mcpu=v11.0 -mlittle-endian -mxl-soft-mul" "EXTRA_COMPILER_FLAGS=-ffunction-sections -fdata-sections -Wall -Wextra"
"Compiling uartlite"
'Finished building libraries'
16:53:58 **** Build of configuration Debug for project USB104A7_ZmodADC_Demo ****
make all 
'Building file: ../src/ZmodADC1410/zmodadc1410.cpp'
'Invoking: MicroBlaze g++ compiler'
mb-g++ -Wall -O0 -g3 -c -fmessage-length=0 -MT"src/ZmodADC1410/zmodadc1410.o" -I../../USB104A7_ZmodADC_Demo_bsp/microblaze_0/include -mlittle-endian -mcpu=v11.0 -mxl-soft-mul -Wl,--no-relax -ffunction-sections -fdata-sections -MMD -MP -MF"src/ZmodADC1410/zmodadc1410.d" -MT"src/ZmodADC1410/zmodadc1410.o" -o "src/ZmodADC1410/zmodadc1410.o" "../src/ZmodADC1410/zmodadc1410.cpp"
'Finished building: ../src/ZmodADC1410/zmodadc1410.cpp'
' '
'Building file: ../src/Zmod/linux/reg/reg.c'
'Invoking: MicroBlaze g++ compiler'
mb-g++ -Wall -O0 -g3 -c -fmessage-length=0 -MT"src/Zmod/linux/reg/reg.o" -I../../USB104A7_ZmodADC_Demo_bsp/microblaze_0/include -mlittle-endian -mcpu=v11.0 -mxl-soft-mul -Wl,--no-relax -ffunction-sections -fdata-sections -MMD -MP -MF"src/Zmod/linux/reg/reg.d" -MT"src/Zmod/linux/reg/reg.o" -o "src/Zmod/linux/reg/reg.o" "../src/Zmod/linux/reg/reg.c"
'Finished building: ../src/Zmod/linux/reg/reg.c'
' '
'Building file: ../src/Zmod/linux/flash/flash.c'
'Invoking: MicroBlaze g++ compiler'
mb-g++ -Wall -O0 -g3 -c -fmessage-length=0 -MT"src/Zmod/linux/flash/flash.o" -I../../USB104A7_ZmodADC_Demo_bsp/microblaze_0/include -mlittle-endian -mcpu=v11.0 -mxl-soft-mul -Wl,--no-relax -ffunction-sections -fdata-sections -MMD -MP -MF"src/Zmod/linux/flash/flash.d" -MT"src/Zmod/linux/flash/flash.o" -o "src/Zmod/linux/flash/flash.o" "../src/Zmod/linux/flash/flash.c"
'Finished building: ../src/Zmod/linux/flash/flash.c'
' '
'Building file: ../src/Zmod/linux/dma/dma.c'
'Invoking: MicroBlaze g++ compiler'
mb-g++ -Wall -O0 -g3 -c -fmessage-length=0 -MT"src/Zmod/linux/dma/dma.o" -I../../USB104A7_ZmodADC_Demo_bsp/microblaze_0/include -mlittle-endian -mcpu=v11.0 -mxl-soft-mul -Wl,--no-relax -ffunction-sections -fdata-sections -MMD -MP -MF"src/Zmod/linux/dma/dma.d" -MT"src/Zmod/linux/dma/dma.o" -o "src/Zmod/linux/dma/dma.o" "../src/Zmod/linux/dma/dma.c"
'Finished building: ../src/Zmod/linux/dma/dma.c'
' '
'Building file: ../src/Zmod/linux/dma/libaxidma.c'
'Invoking: MicroBlaze g++ compiler'
mb-g++ -Wall -O0 -g3 -c -fmessage-length=0 -MT"src/Zmod/linux/dma/libaxidma.o" -I../../USB104A7_ZmodADC_Demo_bsp/microblaze_0/include -mlittle-endian -mcpu=v11.0 -mxl-soft-mul -Wl,--no-relax -ffunction-sections -fdata-sections -MMD -MP -MF"src/Zmod/linux/dma/libaxidma.d" -MT"src/Zmod/linux/dma/libaxidma.o" -o "src/Zmod/linux/dma/libaxidma.o" "../src/Zmod/linux/dma/libaxidma.c"
'Finished building: ../src/Zmod/linux/dma/libaxidma.c'
' '
'Building file: ../src/Zmod/linux/utils.c'
'Invoking: MicroBlaze g++ compiler'
mb-g++ -Wall -O0 -g3 -c -fmessage-length=0 -MT"src/Zmod/linux/utils.o" -I../../USB104A7_ZmodADC_Demo_bsp/microblaze_0/include -mlittle-endian -mcpu=v11.0 -mxl-soft-mul -Wl,--no-relax -ffunction-sections -fdata-sections -MMD -MP -MF"src/Zmod/linux/utils.d" -MT"src/Zmod/linux/utils.o" -o "src/Zmod/linux/utils.o" "../src/Zmod/linux/utils.c"
'Finished building: ../src/Zmod/linux/utils.c'
' '
'Building file: ../src/Zmod/baremetal/reg/reg.c'
'Invoking: MicroBlaze g++ compiler'
mb-g++ -Wall -O0 -g3 -c -fmessage-length=0 -MT"src/Zmod/baremetal/reg/reg.o" -I../../USB104A7_ZmodADC_Demo_bsp/microblaze_0/include -mlittle-endian -mcpu=v11.0 -mxl-soft-mul -Wl,--no-relax -ffunction-sections -fdata-sections -MMD -MP -MF"src/Zmod/baremetal/reg/reg.d" -MT"src/Zmod/baremetal/reg/reg.o" -o "src/Zmod/baremetal/reg/reg.o" "../src/Zmod/baremetal/reg/reg.c"
'Finished building: ../src/Zmod/baremetal/reg/reg.c'
' '
'Building file: ../src/Zmod/baremetal/intc/intc.c'
'Invoking: MicroBlaze g++ compiler'
mb-g++ -Wall -O0 -g3 -c -fmessage-length=0 -MT"src/Zmod/baremetal/intc/intc.o" -I../../USB104A7_ZmodADC_Demo_bsp/microblaze_0/include -mlittle-endian -mcpu=v11.0 -mxl-soft-mul -Wl,--no-relax -ffunction-sections -fdata-sections -MMD -MP -MF"src/Zmod/baremetal/intc/intc.d" -MT"src/Zmod/baremetal/intc/intc.o" -o "src/Zmod/baremetal/intc/intc.o" "../src/Zmod/baremetal/intc/intc.c"
'Finished building: ../src/Zmod/baremetal/intc/intc.c'
' '
'Building file: ../src/Zmod/baremetal/flash/flash.c'
'Invoking: MicroBlaze g++ compiler'
mb-g++ -Wall -O0 -g3 -c -fmessage-length=0 -MT"src/Zmod/baremetal/flash/flash.o" -I../../USB104A7_ZmodADC_Demo_bsp/microblaze_0/include -mlittle-endian -mcpu=v11.0 -mxl-soft-mul -Wl,--no-relax -ffunction-sections -fdata-sections -MMD -MP -MF"src/Zmod/baremetal/flash/flash.d" -MT"src/Zmod/baremetal/flash/flash.o" -o "src/Zmod/baremetal/flash/flash.o" "../src/Zmod/baremetal/flash/flash.c"
'Finished building: ../src/Zmod/baremetal/flash/flash.c'
' '
'Building file: ../src/Zmod/baremetal/dma/dma.c'
'Invoking: MicroBlaze g++ compiler'
mb-g++ -Wall -O0 -g3 -c -fmessage-length=0 -MT"src/Zmod/baremetal/dma/dma.o" -I../../USB104A7_ZmodADC_Demo_bsp/microblaze_0/include -mlittle-endian -mcpu=v11.0 -mxl-soft-mul -Wl,--no-relax -ffunction-sections -fdata-sections -MMD -MP -MF"src/Zmod/baremetal/dma/dma.d" -MT"src/Zmod/baremetal/dma/dma.o" -o "src/Zmod/baremetal/dma/dma.o" "../src/Zmod/baremetal/dma/dma.c"
'Finished building: ../src/Zmod/baremetal/dma/dma.c'
' '
'Building file: ../src/Zmod/zmod.cpp'
'Invoking: MicroBlaze g++ compiler'
mb-g++ -Wall -O0 -g3 -c -fmessage-length=0 -MT"src/Zmod/zmod.o" -I../../USB104A7_ZmodADC_Demo_bsp/microblaze_0/include -mlittle-endian -mcpu=v11.0 -mxl-soft-mul -Wl,--no-relax -ffunction-sections -fdata-sections -MMD -MP -MF"src/Zmod/zmod.d" -MT"src/Zmod/zmod.o" -o "src/Zmod/zmod.o" "../src/Zmod/zmod.cpp"
'Finished building: ../src/Zmod/zmod.cpp'
' '
'Building file: ../src/DPTI/dpti.c'
'Invoking: MicroBlaze g++ compiler'
mb-g++ -Wall -O0 -g3 -c -fmessage-length=0 -MT"src/DPTI/dpti.o" -I../../USB104A7_ZmodADC_Demo_bsp/microblaze_0/include -mlittle-endian -mcpu=v11.0 -mxl-soft-mul -Wl,--no-relax -ffunction-sections -fdata-sections -MMD -MP -MF"src/DPTI/dpti.d" -MT"src/DPTI/dpti.o" -o "src/DPTI/dpti.o" "../src/DPTI/dpti.c"
'Finished building: ../src/DPTI/dpti.c'
' '
'Building file: ../src/main.cc'
'Invoking: MicroBlaze g++ compiler'
mb-g++ -Wall -O0 -g3 -c -fmessage-length=0 -MT"src/main.o" -I../../USB104A7_ZmodADC_Demo_bsp/microblaze_0/include -mlittle-endian -mcpu=v11.0 -mxl-soft-mul -Wl,--no-relax -ffunction-sections -fdata-sections -MMD -MP -MF"src/main.d" -MT"src/main.o" -o "src/main.o" "../src/main.cc"
'Finished building: ../src/main.cc'
' '
'Building file: ../src/platform.c'
'Invoking: MicroBlaze g++ compiler'
mb-g++ -Wall -O0 -g3 -c -fmessage-length=0 -MT"src/platform.o" -I../../USB104A7_ZmodADC_Demo_bsp/microblaze_0/include -mlittle-endian -mcpu=v11.0 -mxl-soft-mul -Wl,--no-relax -ffunction-sections -fdata-sections -MMD -MP -MF"src/platform.d" -MT"src/platform.o" -o "src/platform.o" "../src/platform.c"
'Finished building: ../src/platform.c'
' '
'Building target: USB104A7_ZmodADC_Demo.elf'
'Invoking: MicroBlaze g++ linker'
mb-g++ -Wl,-T -Wl,../src/lscript.ld -L../../USB104A7_ZmodADC_Demo_bsp/microblaze_0/lib -mlittle-endian -mcpu=v11.0 -mxl-soft-mul -Wl,--no-relax -Wl,--gc-sections -o "USB104A7_ZmodADC_Demo.elf"  ./src/ZmodADC1410/zmodadc1410.o  ./src/Zmod/linux/reg/reg.o  ./src/Zmod/linux/flash/flash.o  ./src/Zmod/linux/dma/dma.o ./src/Zmod/linux/dma/libaxidma.o  ./src/Zmod/linux/utils.o  ./src/Zmod/baremetal/reg/reg.o  ./src/Zmod/baremetal/intc/intc.o  ./src/Zmod/baremetal/flash/flash.o  ./src/Zmod/baremetal/dma/dma.o  ./src/Zmod/zmod.o  ./src/DPTI/dpti.o  ./src/main.o ./src/platform.o   -Wl,--start-group,-lxil,-lgcc,-lc,-lstdc++,--end-group
'Finished building target: USB104A7_ZmodADC_Demo.elf'
' '
'Invoking: MicroBlaze Print Size'
mb-size USB104A7_ZmodADC_Demo.elf  |tee "USB104A7_ZmodADC_Demo.elf.size"
   text	   data	    bss	    dec	    hex	filename
  93344	   1908	 527660	 622912	  98140	USB104A7_ZmodADC_Demo.elf
'Finished building: USB104A7_ZmodADC_Demo.elf.size'
' '
16:55:25 **** Incremental Build of configuration Debug for project USB104A7_ZmodADC_Demo ****
make all 
make: Nothing to be done for 'all'.
17:31:55 **** Clean-only build of project USB104A7_ZmodADC_Demo_bsp ****
make -k clean 
make -C microblaze_0/libsrc/axidma_v9_9/src -s clean 
make -C microblaze_0/libsrc/AXI_DPTI_v1_0/src -s clean 
make -C microblaze_0/libsrc/bram_v4_3/src -s clean 
make -C microblaze_0/libsrc/cpu_v2_9/src -s clean 
make -C microblaze_0/libsrc/iic_v3_5/src -s clean 
make -C microblaze_0/libsrc/intc_v3_9/src -s clean 
make -C microblaze_0/libsrc/standalone_v7_0/src -s clean 
make -C microblaze_0/libsrc/uartlite_v3_2/src -s clean 
rm -f microblaze_0/lib/libxil.a
17:31:55 **** Clean-only build of configuration Debug for project USB104A7_ZmodADC_Demo ****
make clean 
rm -rf  ./src/main.d  ./src/ZmodADC1410/zmodadc1410.o  ./src/Zmod/linux/reg/reg.o  ./src/Zmod/linux/flash/flash.o  ./src/Zmod/linux/dma/dma.o ./src/Zmod/linux/dma/libaxidma.o  ./src/Zmod/linux/utils.o  ./src/Zmod/baremetal/reg/reg.o  ./src/Zmod/baremetal/intc/intc.o  ./src/Zmod/baremetal/flash/flash.o  ./src/Zmod/baremetal/dma/dma.o  ./src/Zmod/zmod.o  ./src/DPTI/dpti.o  ./src/main.o ./src/platform.o  ./src/Zmod/linux/reg/reg.d  ./src/Zmod/linux/flash/flash.d  ./src/Zmod/linux/dma/dma.d ./src/Zmod/linux/dma/libaxidma.d  ./src/Zmod/linux/utils.d  ./src/Zmod/baremetal/reg/reg.d  ./src/Zmod/baremetal/intc/intc.d  ./src/Zmod/baremetal/flash/flash.d  ./src/Zmod/baremetal/dma/dma.d  ./src/DPTI/dpti.d  ./src/platform.d  ./src/ZmodADC1410/zmodadc1410.d  ./src/Zmod/zmod.d  USB104A7_ZmodADC_Demo.elf.size  USB104A7_ZmodADC_Demo.elf
' '
17:31:56 **** Build of project USB104A7_ZmodADC_Demo_bsp ****
make -k all 
"Running Make include in microblaze_0/libsrc/axidma_v9_9/src"
make -C microblaze_0/libsrc/axidma_v9_9/src -s include  "SHELL=CMD" "COMPILER=mb-gcc" "ARCHIVER=mb-ar" "COMPILER_FLAGS=  -O2 -c -mcpu=v11.0 -mlittle-endian -mxl-soft-mul" "EXTRA_COMPILER_FLAGS=-ffunction-sections -fdata-sections -Wall -Wextra"
"Running Make include in microblaze_0/libsrc/AXI_DPTI_v1_0/src"
make -C microblaze_0/libsrc/AXI_DPTI_v1_0/src -s include  "SHELL=CMD" "COMPILER=mb-gcc" "ARCHIVER=mb-ar" "COMPILER_FLAGS=  -O2 -c -mcpu=v11.0 -mlittle-endian -mxl-soft-mul" "EXTRA_COMPILER_FLAGS=-ffunction-sections -fdata-sections -Wall -Wextra"
"Running Make include in microblaze_0/libsrc/bram_v4_3/src"
make -C microblaze_0/libsrc/bram_v4_3/src -s include  "SHELL=CMD" "COMPILER=mb-gcc" "ARCHIVER=mb-ar" "COMPILER_FLAGS=  -O2 -c -mcpu=v11.0 -mlittle-endian -mxl-soft-mul" "EXTRA_COMPILER_FLAGS=-ffunction-sections -fdata-sections -Wall -Wextra"
"Running Make include in microblaze_0/libsrc/cpu_v2_9/src"
make -C microblaze_0/libsrc/cpu_v2_9/src -s include  "SHELL=CMD" "COMPILER=mb-gcc" "ARCHIVER=mb-ar" "COMPILER_FLAGS=  -O2 -c -mcpu=v11.0 -mlittle-endian -mxl-soft-mul" "EXTRA_COMPILER_FLAGS=-ffunction-sections -fdata-sections -Wall -Wextra"
"Running Make include in microblaze_0/libsrc/iic_v3_5/src"
make -C microblaze_0/libsrc/iic_v3_5/src -s include  "SHELL=CMD" "COMPILER=mb-gcc" "ARCHIVER=mb-ar" "COMPILER_FLAGS=  -O2 -c -mcpu=v11.0 -mlittle-endian -mxl-soft-mul" "EXTRA_COMPILER_FLAGS=-ffunction-sections -fdata-sections -Wall -Wextra"
"Running Make include in microblaze_0/libsrc/intc_v3_9/src"
make -C microblaze_0/libsrc/intc_v3_9/src -s include  "SHELL=CMD" "COMPILER=mb-gcc" "ARCHIVER=mb-ar" "COMPILER_FLAGS=  -O2 -c -mcpu=v11.0 -mlittle-endian -mxl-soft-mul" "EXTRA_COMPILER_FLAGS=-ffunction-sections -fdata-sections -Wall -Wextra"
"Running Make include in microblaze_0/libsrc/standalone_v7_0/src"
make -C microblaze_0/libsrc/standalone_v7_0/src -s include  "SHELL=CMD" "COMPILER=mb-gcc" "ARCHIVER=mb-ar" "COMPILER_FLAGS=  -O2 -c -mcpu=v11.0 -mlittle-endian -mxl-soft-mul" "EXTRA_COMPILER_FLAGS=-ffunction-sections -fdata-sections -Wall -Wextra"
"Running Make include in microblaze_0/libsrc/uartlite_v3_2/src"
make -C microblaze_0/libsrc/uartlite_v3_2/src -s include  "SHELL=CMD" "COMPILER=mb-gcc" "ARCHIVER=mb-ar" "COMPILER_FLAGS=  -O2 -c -mcpu=v11.0 -mlittle-endian -mxl-soft-mul" "EXTRA_COMPILER_FLAGS=-ffunction-sections -fdata-sections -Wall -Wextra"
"Running Make libs in microblaze_0/libsrc/axidma_v9_9/src"
make -C microblaze_0/libsrc/axidma_v9_9/src -s libs  "SHELL=CMD" "COMPILER=mb-gcc" "ARCHIVER=mb-ar" "COMPILER_FLAGS=  -O2 -c -mcpu=v11.0 -mlittle-endian -mxl-soft-mul" "EXTRA_COMPILER_FLAGS=-ffunction-sections -fdata-sections -Wall -Wextra"
"Compiling axidma"
mb-ar: creating ../../../lib/libxil.a
"Running Make libs in microblaze_0/libsrc/AXI_DPTI_v1_0/src"
make -C microblaze_0/libsrc/AXI_DPTI_v1_0/src -s libs  "SHELL=CMD" "COMPILER=mb-gcc" "ARCHIVER=mb-ar" "COMPILER_FLAGS=  -O2 -c -mcpu=v11.0 -mlittle-endian -mxl-soft-mul" "EXTRA_COMPILER_FLAGS=-ffunction-sections -fdata-sections -Wall -Wextra"
"Compiling AXI_DPTI..."
"Running Make libs in microblaze_0/libsrc/bram_v4_3/src"
make -C microblaze_0/libsrc/bram_v4_3/src -s libs  "SHELL=CMD" "COMPILER=mb-gcc" "ARCHIVER=mb-ar" "COMPILER_FLAGS=  -O2 -c -mcpu=v11.0 -mlittle-endian -mxl-soft-mul" "EXTRA_COMPILER_FLAGS=-ffunction-sections -fdata-sections -Wall -Wextra"
"Compiling bram"
"Running Make libs in microblaze_0/libsrc/cpu_v2_9/src"
make -C microblaze_0/libsrc/cpu_v2_9/src -s libs  "SHELL=CMD" "COMPILER=mb-gcc" "ARCHIVER=mb-ar" "COMPILER_FLAGS=  -O2 -c -mcpu=v11.0 -mlittle-endian -mxl-soft-mul" "EXTRA_COMPILER_FLAGS=-ffunction-sections -fdata-sections -Wall -Wextra"
"Compiling cpu"
"Running Make libs in microblaze_0/libsrc/iic_v3_5/src"
make -C microblaze_0/libsrc/iic_v3_5/src -s libs  "SHELL=CMD" "COMPILER=mb-gcc" "ARCHIVER=mb-ar" "COMPILER_FLAGS=  -O2 -c -mcpu=v11.0 -mlittle-endian -mxl-soft-mul" "EXTRA_COMPILER_FLAGS=-ffunction-sections -fdata-sections -Wall -Wextra"
"Compiling iic"
"Running Make libs in microblaze_0/libsrc/intc_v3_9/src"
make -C microblaze_0/libsrc/intc_v3_9/src -s libs  "SHELL=CMD" "COMPILER=mb-gcc" "ARCHIVER=mb-ar" "COMPILER_FLAGS=  -O2 -c -mcpu=v11.0 -mlittle-endian -mxl-soft-mul" "EXTRA_COMPILER_FLAGS=-ffunction-sections -fdata-sections -Wall -Wextra"
"Compiling intc"
"Running Make libs in microblaze_0/libsrc/standalone_v7_0/src"
make -C microblaze_0/libsrc/standalone_v7_0/src -s libs  "SHELL=CMD" "COMPILER=mb-gcc" "ARCHIVER=mb-ar" "COMPILER_FLAGS=  -O2 -c -mcpu=v11.0 -mlittle-endian -mxl-soft-mul" "EXTRA_COMPILER_FLAGS=-ffunction-sections -fdata-sections -Wall -Wextra"
"Compiling standalone";
microblaze_sleep.c:77:9: note: #pragma message: For the sleep routines, assembly instructions are used
 #pragma message ("For the sleep routines, assembly instructions are used")
         ^~~~~~~
"Running Make libs in microblaze_0/libsrc/uartlite_v3_2/src"
make -C microblaze_0/libsrc/uartlite_v3_2/src -s libs  "SHELL=CMD" "COMPILER=mb-gcc" "ARCHIVER=mb-ar" "COMPILER_FLAGS=  -O2 -c -mcpu=v11.0 -mlittle-endian -mxl-soft-mul" "EXTRA_COMPILER_FLAGS=-ffunction-sections -fdata-sections -Wall -Wextra"
"Compiling uartlite"
'Finished building libraries'
17:32:03 **** Build of configuration Debug for project USB104A7_ZmodADC_Demo ****
make all 
'Building file: ../src/ZmodADC1410/zmodadc1410.cpp'
'Invoking: MicroBlaze g++ compiler'
mb-g++ -Wall -O0 -g3 -c -fmessage-length=0 -MT"src/ZmodADC1410/zmodadc1410.o" -I../../USB104A7_ZmodADC_Demo_bsp/microblaze_0/include -mlittle-endian -mcpu=v11.0 -mxl-soft-mul -Wl,--no-relax -ffunction-sections -fdata-sections -MMD -MP -MF"src/ZmodADC1410/zmodadc1410.d" -MT"src/ZmodADC1410/zmodadc1410.o" -o "src/ZmodADC1410/zmodadc1410.o" "../src/ZmodADC1410/zmodadc1410.cpp"
'Finished building: ../src/ZmodADC1410/zmodadc1410.cpp'
' '
'Building file: ../src/Zmod/linux/reg/reg.c'
'Invoking: MicroBlaze g++ compiler'
mb-g++ -Wall -O0 -g3 -c -fmessage-length=0 -MT"src/Zmod/linux/reg/reg.o" -I../../USB104A7_ZmodADC_Demo_bsp/microblaze_0/include -mlittle-endian -mcpu=v11.0 -mxl-soft-mul -Wl,--no-relax -ffunction-sections -fdata-sections -MMD -MP -MF"src/Zmod/linux/reg/reg.d" -MT"src/Zmod/linux/reg/reg.o" -o "src/Zmod/linux/reg/reg.o" "../src/Zmod/linux/reg/reg.c"
'Finished building: ../src/Zmod/linux/reg/reg.c'
' '
'Building file: ../src/Zmod/linux/flash/flash.c'
'Invoking: MicroBlaze g++ compiler'
mb-g++ -Wall -O0 -g3 -c -fmessage-length=0 -MT"src/Zmod/linux/flash/flash.o" -I../../USB104A7_ZmodADC_Demo_bsp/microblaze_0/include -mlittle-endian -mcpu=v11.0 -mxl-soft-mul -Wl,--no-relax -ffunction-sections -fdata-sections -MMD -MP -MF"src/Zmod/linux/flash/flash.d" -MT"src/Zmod/linux/flash/flash.o" -o "src/Zmod/linux/flash/flash.o" "../src/Zmod/linux/flash/flash.c"
'Finished building: ../src/Zmod/linux/flash/flash.c'
' '
'Building file: ../src/Zmod/linux/dma/dma.c'
'Invoking: MicroBlaze g++ compiler'
mb-g++ -Wall -O0 -g3 -c -fmessage-length=0 -MT"src/Zmod/linux/dma/dma.o" -I../../USB104A7_ZmodADC_Demo_bsp/microblaze_0/include -mlittle-endian -mcpu=v11.0 -mxl-soft-mul -Wl,--no-relax -ffunction-sections -fdata-sections -MMD -MP -MF"src/Zmod/linux/dma/dma.d" -MT"src/Zmod/linux/dma/dma.o" -o "src/Zmod/linux/dma/dma.o" "../src/Zmod/linux/dma/dma.c"
'Finished building: ../src/Zmod/linux/dma/dma.c'
' '
'Building file: ../src/Zmod/linux/dma/libaxidma.c'
'Invoking: MicroBlaze g++ compiler'
mb-g++ -Wall -O0 -g3 -c -fmessage-length=0 -MT"src/Zmod/linux/dma/libaxidma.o" -I../../USB104A7_ZmodADC_Demo_bsp/microblaze_0/include -mlittle-endian -mcpu=v11.0 -mxl-soft-mul -Wl,--no-relax -ffunction-sections -fdata-sections -MMD -MP -MF"src/Zmod/linux/dma/libaxidma.d" -MT"src/Zmod/linux/dma/libaxidma.o" -o "src/Zmod/linux/dma/libaxidma.o" "../src/Zmod/linux/dma/libaxidma.c"
'Finished building: ../src/Zmod/linux/dma/libaxidma.c'
' '
'Building file: ../src/Zmod/linux/utils.c'
'Invoking: MicroBlaze g++ compiler'
mb-g++ -Wall -O0 -g3 -c -fmessage-length=0 -MT"src/Zmod/linux/utils.o" -I../../USB104A7_ZmodADC_Demo_bsp/microblaze_0/include -mlittle-endian -mcpu=v11.0 -mxl-soft-mul -Wl,--no-relax -ffunction-sections -fdata-sections -MMD -MP -MF"src/Zmod/linux/utils.d" -MT"src/Zmod/linux/utils.o" -o "src/Zmod/linux/utils.o" "../src/Zmod/linux/utils.c"
'Finished building: ../src/Zmod/linux/utils.c'
' '
'Building file: ../src/Zmod/baremetal/reg/reg.c'
'Invoking: MicroBlaze g++ compiler'
mb-g++ -Wall -O0 -g3 -c -fmessage-length=0 -MT"src/Zmod/baremetal/reg/reg.o" -I../../USB104A7_ZmodADC_Demo_bsp/microblaze_0/include -mlittle-endian -mcpu=v11.0 -mxl-soft-mul -Wl,--no-relax -ffunction-sections -fdata-sections -MMD -MP -MF"src/Zmod/baremetal/reg/reg.d" -MT"src/Zmod/baremetal/reg/reg.o" -o "src/Zmod/baremetal/reg/reg.o" "../src/Zmod/baremetal/reg/reg.c"
'Finished building: ../src/Zmod/baremetal/reg/reg.c'
' '
'Building file: ../src/Zmod/baremetal/intc/intc.c'
'Invoking: MicroBlaze g++ compiler'
mb-g++ -Wall -O0 -g3 -c -fmessage-length=0 -MT"src/Zmod/baremetal/intc/intc.o" -I../../USB104A7_ZmodADC_Demo_bsp/microblaze_0/include -mlittle-endian -mcpu=v11.0 -mxl-soft-mul -Wl,--no-relax -ffunction-sections -fdata-sections -MMD -MP -MF"src/Zmod/baremetal/intc/intc.d" -MT"src/Zmod/baremetal/intc/intc.o" -o "src/Zmod/baremetal/intc/intc.o" "../src/Zmod/baremetal/intc/intc.c"
'Finished building: ../src/Zmod/baremetal/intc/intc.c'
' '
'Building file: ../src/Zmod/baremetal/flash/flash.c'
'Invoking: MicroBlaze g++ compiler'
mb-g++ -Wall -O0 -g3 -c -fmessage-length=0 -MT"src/Zmod/baremetal/flash/flash.o" -I../../USB104A7_ZmodADC_Demo_bsp/microblaze_0/include -mlittle-endian -mcpu=v11.0 -mxl-soft-mul -Wl,--no-relax -ffunction-sections -fdata-sections -MMD -MP -MF"src/Zmod/baremetal/flash/flash.d" -MT"src/Zmod/baremetal/flash/flash.o" -o "src/Zmod/baremetal/flash/flash.o" "../src/Zmod/baremetal/flash/flash.c"
'Finished building: ../src/Zmod/baremetal/flash/flash.c'
' '
'Building file: ../src/Zmod/baremetal/dma/dma.c'
'Invoking: MicroBlaze g++ compiler'
mb-g++ -Wall -O0 -g3 -c -fmessage-length=0 -MT"src/Zmod/baremetal/dma/dma.o" -I../../USB104A7_ZmodADC_Demo_bsp/microblaze_0/include -mlittle-endian -mcpu=v11.0 -mxl-soft-mul -Wl,--no-relax -ffunction-sections -fdata-sections -MMD -MP -MF"src/Zmod/baremetal/dma/dma.d" -MT"src/Zmod/baremetal/dma/dma.o" -o "src/Zmod/baremetal/dma/dma.o" "../src/Zmod/baremetal/dma/dma.c"
'Finished building: ../src/Zmod/baremetal/dma/dma.c'
' '
'Building file: ../src/Zmod/zmod.cpp'
'Invoking: MicroBlaze g++ compiler'
mb-g++ -Wall -O0 -g3 -c -fmessage-length=0 -MT"src/Zmod/zmod.o" -I../../USB104A7_ZmodADC_Demo_bsp/microblaze_0/include -mlittle-endian -mcpu=v11.0 -mxl-soft-mul -Wl,--no-relax -ffunction-sections -fdata-sections -MMD -MP -MF"src/Zmod/zmod.d" -MT"src/Zmod/zmod.o" -o "src/Zmod/zmod.o" "../src/Zmod/zmod.cpp"
'Finished building: ../src/Zmod/zmod.cpp'
' '
'Building file: ../src/DPTI/dpti.c'
'Invoking: MicroBlaze g++ compiler'
mb-g++ -Wall -O0 -g3 -c -fmessage-length=0 -MT"src/DPTI/dpti.o" -I../../USB104A7_ZmodADC_Demo_bsp/microblaze_0/include -mlittle-endian -mcpu=v11.0 -mxl-soft-mul -Wl,--no-relax -ffunction-sections -fdata-sections -MMD -MP -MF"src/DPTI/dpti.d" -MT"src/DPTI/dpti.o" -o "src/DPTI/dpti.o" "../src/DPTI/dpti.c"
'Finished building: ../src/DPTI/dpti.c'
' '
'Building file: ../src/main.cc'
'Invoking: MicroBlaze g++ compiler'
mb-g++ -Wall -O0 -g3 -c -fmessage-length=0 -MT"src/main.o" -I../../USB104A7_ZmodADC_Demo_bsp/microblaze_0/include -mlittle-endian -mcpu=v11.0 -mxl-soft-mul -Wl,--no-relax -ffunction-sections -fdata-sections -MMD -MP -MF"src/main.d" -MT"src/main.o" -o "src/main.o" "../src/main.cc"
'Finished building: ../src/main.cc'
' '
'Building file: ../src/platform.c'
'Invoking: MicroBlaze g++ compiler'
mb-g++ -Wall -O0 -g3 -c -fmessage-length=0 -MT"src/platform.o" -I../../USB104A7_ZmodADC_Demo_bsp/microblaze_0/include -mlittle-endian -mcpu=v11.0 -mxl-soft-mul -Wl,--no-relax -ffunction-sections -fdata-sections -MMD -MP -MF"src/platform.d" -MT"src/platform.o" -o "src/platform.o" "../src/platform.c"
'Finished building: ../src/platform.c'
' '
'Building target: USB104A7_ZmodADC_Demo.elf'
'Invoking: MicroBlaze g++ linker'
mb-g++ -Wl,-T -Wl,../src/lscript.ld -L../../USB104A7_ZmodADC_Demo_bsp/microblaze_0/lib -mlittle-endian -mcpu=v11.0 -mxl-soft-mul -Wl,--no-relax -Wl,--gc-sections -o "USB104A7_ZmodADC_Demo.elf"  ./src/ZmodADC1410/zmodadc1410.o  ./src/Zmod/linux/reg/reg.o  ./src/Zmod/linux/flash/flash.o  ./src/Zmod/linux/dma/dma.o ./src/Zmod/linux/dma/libaxidma.o  ./src/Zmod/linux/utils.o  ./src/Zmod/baremetal/reg/reg.o  ./src/Zmod/baremetal/intc/intc.o  ./src/Zmod/baremetal/flash/flash.o  ./src/Zmod/baremetal/dma/dma.o  ./src/Zmod/zmod.o  ./src/DPTI/dpti.o  ./src/main.o ./src/platform.o   -Wl,--start-group,-lxil,-lgcc,-lc,-lstdc++,--end-group
'Finished building target: USB104A7_ZmodADC_Demo.elf'
' '
'Invoking: MicroBlaze Print Size'
mb-size USB104A7_ZmodADC_Demo.elf  |tee "USB104A7_ZmodADC_Demo.elf.size"
   text	   data	    bss	    dec	    hex	filename
  93344	   1908	 527660	 622912	  98140	USB104A7_ZmodADC_Demo.elf
'Finished building: USB104A7_ZmodADC_Demo.elf.size'
' '
17:59:45 **** Incremental Build of configuration Debug for project USB104A7_ZmodADC_Demo ****
make all 
make: Nothing to be done for 'all'.
18:31:58 **** Incremental Build of configuration Debug for project USB104A7_ZmodADC_Demo ****
make all 
make: Nothing to be done for 'all'.
19:19:50 **** Incremental Build of configuration Debug for project USB104A7_ZmodADC_Demo ****
make all 
make: Nothing to be done for 'all'.
19:20:31 **** Incremental Build of configuration Debug for project USB104A7_ZmodADC_Demo ****
make all 
make: Nothing to be done for 'all'.
09:14:33 **** Auto Build of project USB104A7_ZmodADC_Demo_bsp ****
make -k all 
"Running Make include in microblaze_0/libsrc/axidma_v9_9/src"
make -C microblaze_0/libsrc/axidma_v9_9/src -s include  "SHELL=CMD" "COMPILER=mb-gcc" "ARCHIVER=mb-ar" "COMPILER_FLAGS=  -O2 -c -mcpu=v11.0 -mlittle-endian -mxl-soft-mul" "EXTRA_COMPILER_FLAGS=-ffunction-sections -fdata-sections -Wall -Wextra"
"Running Make include in microblaze_0/libsrc/AXI_DPTI_v1_0/src"
make -C microblaze_0/libsrc/AXI_DPTI_v1_0/src -s include  "SHELL=CMD" "COMPILER=mb-gcc" "ARCHIVER=mb-ar" "COMPILER_FLAGS=  -O2 -c -mcpu=v11.0 -mlittle-endian -mxl-soft-mul" "EXTRA_COMPILER_FLAGS=-ffunction-sections -fdata-sections -Wall -Wextra"
"Running Make include in microblaze_0/libsrc/bram_v4_3/src"
make -C microblaze_0/libsrc/bram_v4_3/src -s include  "SHELL=CMD" "COMPILER=mb-gcc" "ARCHIVER=mb-ar" "COMPILER_FLAGS=  -O2 -c -mcpu=v11.0 -mlittle-endian -mxl-soft-mul" "EXTRA_COMPILER_FLAGS=-ffunction-sections -fdata-sections -Wall -Wextra"
"Running Make include in microblaze_0/libsrc/cpu_v2_9/src"
make -C microblaze_0/libsrc/cpu_v2_9/src -s include  "SHELL=CMD" "COMPILER=mb-gcc" "ARCHIVER=mb-ar" "COMPILER_FLAGS=  -O2 -c -mcpu=v11.0 -mlittle-endian -mxl-soft-mul" "EXTRA_COMPILER_FLAGS=-ffunction-sections -fdata-sections -Wall -Wextra"
"Running Make include in microblaze_0/libsrc/iic_v3_5/src"
make -C microblaze_0/libsrc/iic_v3_5/src -s include  "SHELL=CMD" "COMPILER=mb-gcc" "ARCHIVER=mb-ar" "COMPILER_FLAGS=  -O2 -c -mcpu=v11.0 -mlittle-endian -mxl-soft-mul" "EXTRA_COMPILER_FLAGS=-ffunction-sections -fdata-sections -Wall -Wextra"
"Running Make include in microblaze_0/libsrc/intc_v3_9/src"
make -C microblaze_0/libsrc/intc_v3_9/src -s include  "SHELL=CMD" "COMPILER=mb-gcc" "ARCHIVER=mb-ar" "COMPILER_FLAGS=  -O2 -c -mcpu=v11.0 -mlittle-endian -mxl-soft-mul" "EXTRA_COMPILER_FLAGS=-ffunction-sections -fdata-sections -Wall -Wextra"
"Running Make include in microblaze_0/libsrc/standalone_v7_0/src"
make -C microblaze_0/libsrc/standalone_v7_0/src -s include  "SHELL=CMD" "COMPILER=mb-gcc" "ARCHIVER=mb-ar" "COMPILER_FLAGS=  -O2 -c -mcpu=v11.0 -mlittle-endian -mxl-soft-mul" "EXTRA_COMPILER_FLAGS=-ffunction-sections -fdata-sections -Wall -Wextra"
"Running Make include in microblaze_0/libsrc/uartlite_v3_2/src"
make -C microblaze_0/libsrc/uartlite_v3_2/src -s include  "SHELL=CMD" "COMPILER=mb-gcc" "ARCHIVER=mb-ar" "COMPILER_FLAGS=  -O2 -c -mcpu=v11.0 -mlittle-endian -mxl-soft-mul" "EXTRA_COMPILER_FLAGS=-ffunction-sections -fdata-sections -Wall -Wextra"
"Running Make libs in microblaze_0/libsrc/axidma_v9_9/src"
make -C microblaze_0/libsrc/axidma_v9_9/src -s libs  "SHELL=CMD" "COMPILER=mb-gcc" "ARCHIVER=mb-ar" "COMPILER_FLAGS=  -O2 -c -mcpu=v11.0 -mlittle-endian -mxl-soft-mul" "EXTRA_COMPILER_FLAGS=-ffunction-sections -fdata-sections -Wall -Wextra"
"Compiling axidma"
mb-ar: creating ../../../lib/libxil.a
"Running Make libs in microblaze_0/libsrc/AXI_DPTI_v1_0/src"
make -C microblaze_0/libsrc/AXI_DPTI_v1_0/src -s libs  "SHELL=CMD" "COMPILER=mb-gcc" "ARCHIVER=mb-ar" "COMPILER_FLAGS=  -O2 -c -mcpu=v11.0 -mlittle-endian -mxl-soft-mul" "EXTRA_COMPILER_FLAGS=-ffunction-sections -fdata-sections -Wall -Wextra"
"Compiling AXI_DPTI..."
"Running Make libs in microblaze_0/libsrc/bram_v4_3/src"
make -C microblaze_0/libsrc/bram_v4_3/src -s libs  "SHELL=CMD" "COMPILER=mb-gcc" "ARCHIVER=mb-ar" "COMPILER_FLAGS=  -O2 -c -mcpu=v11.0 -mlittle-endian -mxl-soft-mul" "EXTRA_COMPILER_FLAGS=-ffunction-sections -fdata-sections -Wall -Wextra"
"Compiling bram"
"Running Make libs in microblaze_0/libsrc/cpu_v2_9/src"
make -C microblaze_0/libsrc/cpu_v2_9/src -s libs  "SHELL=CMD" "COMPILER=mb-gcc" "ARCHIVER=mb-ar" "COMPILER_FLAGS=  -O2 -c -mcpu=v11.0 -mlittle-endian -mxl-soft-mul" "EXTRA_COMPILER_FLAGS=-ffunction-sections -fdata-sections -Wall -Wextra"
"Compiling cpu"
"Running Make libs in microblaze_0/libsrc/iic_v3_5/src"
make -C microblaze_0/libsrc/iic_v3_5/src -s libs  "SHELL=CMD" "COMPILER=mb-gcc" "ARCHIVER=mb-ar" "COMPILER_FLAGS=  -O2 -c -mcpu=v11.0 -mlittle-endian -mxl-soft-mul" "EXTRA_COMPILER_FLAGS=-ffunction-sections -fdata-sections -Wall -Wextra"
"Compiling iic"
"Running Make libs in microblaze_0/libsrc/intc_v3_9/src"
make -C microblaze_0/libsrc/intc_v3_9/src -s libs  "SHELL=CMD" "COMPILER=mb-gcc" "ARCHIVER=mb-ar" "COMPILER_FLAGS=  -O2 -c -mcpu=v11.0 -mlittle-endian -mxl-soft-mul" "EXTRA_COMPILER_FLAGS=-ffunction-sections -fdata-sections -Wall -Wextra"
"Compiling intc"
"Running Make libs in microblaze_0/libsrc/standalone_v7_0/src"
make -C microblaze_0/libsrc/standalone_v7_0/src -s libs  "SHELL=CMD" "COMPILER=mb-gcc" "ARCHIVER=mb-ar" "COMPILER_FLAGS=  -O2 -c -mcpu=v11.0 -mlittle-endian -mxl-soft-mul" "EXTRA_COMPILER_FLAGS=-ffunction-sections -fdata-sections -Wall -Wextra"
"Compiling standalone";
microblaze_sleep.c:77:9: note: #pragma message: For the sleep routines, assembly instructions are used
 #pragma message ("For the sleep routines, assembly instructions are used")
         ^~~~~~~
"Running Make libs in microblaze_0/libsrc/uartlite_v3_2/src"
make -C microblaze_0/libsrc/uartlite_v3_2/src -s libs  "SHELL=CMD" "COMPILER=mb-gcc" "ARCHIVER=mb-ar" "COMPILER_FLAGS=  -O2 -c -mcpu=v11.0 -mlittle-endian -mxl-soft-mul" "EXTRA_COMPILER_FLAGS=-ffunction-sections -fdata-sections -Wall -Wextra"
"Compiling uartlite"
'Finished building libraries'
09:14:42 **** Auto Build of configuration Debug for project USB104A7_ZmodADC_Demo ****
make all 
'Building file: ../src/Zmod/baremetal/reg/reg.c'
'Invoking: MicroBlaze g++ compiler'
mb-g++ -Wall -O0 -g3 -c -fmessage-length=0 -MT"src/Zmod/baremetal/reg/reg.o" -I../../USB104A7_ZmodADC_Demo_bsp/microblaze_0/include -mlittle-endian -mcpu=v11.0 -mxl-soft-mul -Wl,--no-relax -ffunction-sections -fdata-sections -MMD -MP -MF"src/Zmod/baremetal/reg/reg.d" -MT"src/Zmod/baremetal/reg/reg.o" -o "src/Zmod/baremetal/reg/reg.o" "../src/Zmod/baremetal/reg/reg.c"
'Finished building: ../src/Zmod/baremetal/reg/reg.c'
' '
'Building file: ../src/Zmod/baremetal/intc/intc.c'
'Invoking: MicroBlaze g++ compiler'
mb-g++ -Wall -O0 -g3 -c -fmessage-length=0 -MT"src/Zmod/baremetal/intc/intc.o" -I../../USB104A7_ZmodADC_Demo_bsp/microblaze_0/include -mlittle-endian -mcpu=v11.0 -mxl-soft-mul -Wl,--no-relax -ffunction-sections -fdata-sections -MMD -MP -MF"src/Zmod/baremetal/intc/intc.d" -MT"src/Zmod/baremetal/intc/intc.o" -o "src/Zmod/baremetal/intc/intc.o" "../src/Zmod/baremetal/intc/intc.c"
'Finished building: ../src/Zmod/baremetal/intc/intc.c'
' '
'Building file: ../src/Zmod/baremetal/flash/flash.c'
'Invoking: MicroBlaze g++ compiler'
mb-g++ -Wall -O0 -g3 -c -fmessage-length=0 -MT"src/Zmod/baremetal/flash/flash.o" -I../../USB104A7_ZmodADC_Demo_bsp/microblaze_0/include -mlittle-endian -mcpu=v11.0 -mxl-soft-mul -Wl,--no-relax -ffunction-sections -fdata-sections -MMD -MP -MF"src/Zmod/baremetal/flash/flash.d" -MT"src/Zmod/baremetal/flash/flash.o" -o "src/Zmod/baremetal/flash/flash.o" "../src/Zmod/baremetal/flash/flash.c"
'Finished building: ../src/Zmod/baremetal/flash/flash.c'
' '
'Building file: ../src/Zmod/baremetal/dma/dma.c'
'Invoking: MicroBlaze g++ compiler'
mb-g++ -Wall -O0 -g3 -c -fmessage-length=0 -MT"src/Zmod/baremetal/dma/dma.o" -I../../USB104A7_ZmodADC_Demo_bsp/microblaze_0/include -mlittle-endian -mcpu=v11.0 -mxl-soft-mul -Wl,--no-relax -ffunction-sections -fdata-sections -MMD -MP -MF"src/Zmod/baremetal/dma/dma.d" -MT"src/Zmod/baremetal/dma/dma.o" -o "src/Zmod/baremetal/dma/dma.o" "../src/Zmod/baremetal/dma/dma.c"
'Finished building: ../src/Zmod/baremetal/dma/dma.c'
' '
'Building file: ../src/DPTI/dpti.c'
'Invoking: MicroBlaze g++ compiler'
mb-g++ -Wall -O0 -g3 -c -fmessage-length=0 -MT"src/DPTI/dpti.o" -I../../USB104A7_ZmodADC_Demo_bsp/microblaze_0/include -mlittle-endian -mcpu=v11.0 -mxl-soft-mul -Wl,--no-relax -ffunction-sections -fdata-sections -MMD -MP -MF"src/DPTI/dpti.d" -MT"src/DPTI/dpti.o" -o "src/DPTI/dpti.o" "../src/DPTI/dpti.c"
'Finished building: ../src/DPTI/dpti.c'
' '
'Building file: ../src/main.cc'
'Invoking: MicroBlaze g++ compiler'
mb-g++ -Wall -O0 -g3 -c -fmessage-length=0 -MT"src/main.o" -I../../USB104A7_ZmodADC_Demo_bsp/microblaze_0/include -mlittle-endian -mcpu=v11.0 -mxl-soft-mul -Wl,--no-relax -ffunction-sections -fdata-sections -MMD -MP -MF"src/main.d" -MT"src/main.o" -o "src/main.o" "../src/main.cc"
'Finished building: ../src/main.cc'
' '
'Building file: ../src/platform.c'
'Invoking: MicroBlaze g++ compiler'
mb-g++ -Wall -O0 -g3 -c -fmessage-length=0 -MT"src/platform.o" -I../../USB104A7_ZmodADC_Demo_bsp/microblaze_0/include -mlittle-endian -mcpu=v11.0 -mxl-soft-mul -Wl,--no-relax -ffunction-sections -fdata-sections -MMD -MP -MF"src/platform.d" -MT"src/platform.o" -o "src/platform.o" "../src/platform.c"
'Finished building: ../src/platform.c'
' '
'Building target: USB104A7_ZmodADC_Demo.elf'
'Invoking: MicroBlaze g++ linker'
mb-g++ -Wl,-T -Wl,../src/lscript.ld -L../../USB104A7_ZmodADC_Demo_bsp/microblaze_0/lib -mlittle-endian -mcpu=v11.0 -mxl-soft-mul -Wl,--no-relax -Wl,--gc-sections -o "USB104A7_ZmodADC_Demo.elf"  ./src/ZmodADC1410/zmodadc1410.o  ./src/Zmod/linux/reg/reg.o  ./src/Zmod/linux/flash/flash.o  ./src/Zmod/linux/dma/dma.o ./src/Zmod/linux/dma/libaxidma.o  ./src/Zmod/linux/utils.o  ./src/Zmod/baremetal/reg/reg.o  ./src/Zmod/baremetal/intc/intc.o  ./src/Zmod/baremetal/flash/flash.o  ./src/Zmod/baremetal/dma/dma.o  ./src/Zmod/zmod.o  ./src/DPTI/dpti.o  ./src/main.o ./src/platform.o   -Wl,--start-group,-lxil,-lgcc,-lc,-lstdc++,--end-group
'Finished building target: USB104A7_ZmodADC_Demo.elf'
' '
'Invoking: MicroBlaze Print Size'
mb-size USB104A7_ZmodADC_Demo.elf  |tee "USB104A7_ZmodADC_Demo.elf.size"
   text	   data	    bss	    dec	    hex	filename
  93344	   1908	 527660	 622912	  98140	USB104A7_ZmodADC_Demo.elf
'Finished building: USB104A7_ZmodADC_Demo.elf.size'
' '
09:14:54 **** Auto Build of project USB104A7_ZmodADC_Demo_bsp ****
make -k all 
"Running Make include in microblaze_0/libsrc/axidma_v9_9/src"
make -C microblaze_0/libsrc/axidma_v9_9/src -s include  "SHELL=CMD" "COMPILER=mb-gcc" "ARCHIVER=mb-ar" "COMPILER_FLAGS=  -O2 -c -mcpu=v11.0 -mlittle-endian -mxl-soft-mul" "EXTRA_COMPILER_FLAGS=-ffunction-sections -fdata-sections -Wall -Wextra"
"Running Make include in microblaze_0/libsrc/AXI_DPTI_v1_0/src"
make -C microblaze_0/libsrc/AXI_DPTI_v1_0/src -s include  "SHELL=CMD" "COMPILER=mb-gcc" "ARCHIVER=mb-ar" "COMPILER_FLAGS=  -O2 -c -mcpu=v11.0 -mlittle-endian -mxl-soft-mul" "EXTRA_COMPILER_FLAGS=-ffunction-sections -fdata-sections -Wall -Wextra"
"Running Make include in microblaze_0/libsrc/bram_v4_3/src"
make -C microblaze_0/libsrc/bram_v4_3/src -s include  "SHELL=CMD" "COMPILER=mb-gcc" "ARCHIVER=mb-ar" "COMPILER_FLAGS=  -O2 -c -mcpu=v11.0 -mlittle-endian -mxl-soft-mul" "EXTRA_COMPILER_FLAGS=-ffunction-sections -fdata-sections -Wall -Wextra"
"Running Make include in microblaze_0/libsrc/cpu_v2_9/src"
make -C microblaze_0/libsrc/cpu_v2_9/src -s include  "SHELL=CMD" "COMPILER=mb-gcc" "ARCHIVER=mb-ar" "COMPILER_FLAGS=  -O2 -c -mcpu=v11.0 -mlittle-endian -mxl-soft-mul" "EXTRA_COMPILER_FLAGS=-ffunction-sections -fdata-sections -Wall -Wextra"
"Running Make include in microblaze_0/libsrc/iic_v3_5/src"
make -C microblaze_0/libsrc/iic_v3_5/src -s include  "SHELL=CMD" "COMPILER=mb-gcc" "ARCHIVER=mb-ar" "COMPILER_FLAGS=  -O2 -c -mcpu=v11.0 -mlittle-endian -mxl-soft-mul" "EXTRA_COMPILER_FLAGS=-ffunction-sections -fdata-sections -Wall -Wextra"
"Running Make include in microblaze_0/libsrc/intc_v3_9/src"
make -C microblaze_0/libsrc/intc_v3_9/src -s include  "SHELL=CMD" "COMPILER=mb-gcc" "ARCHIVER=mb-ar" "COMPILER_FLAGS=  -O2 -c -mcpu=v11.0 -mlittle-endian -mxl-soft-mul" "EXTRA_COMPILER_FLAGS=-ffunction-sections -fdata-sections -Wall -Wextra"
"Running Make include in microblaze_0/libsrc/standalone_v7_0/src"
make -C microblaze_0/libsrc/standalone_v7_0/src -s include  "SHELL=CMD" "COMPILER=mb-gcc" "ARCHIVER=mb-ar" "COMPILER_FLAGS=  -O2 -c -mcpu=v11.0 -mlittle-endian -mxl-soft-mul" "EXTRA_COMPILER_FLAGS=-ffunction-sections -fdata-sections -Wall -Wextra"
"Running Make include in microblaze_0/libsrc/uartlite_v3_2/src"
make -C microblaze_0/libsrc/uartlite_v3_2/src -s include  "SHELL=CMD" "COMPILER=mb-gcc" "ARCHIVER=mb-ar" "COMPILER_FLAGS=  -O2 -c -mcpu=v11.0 -mlittle-endian -mxl-soft-mul" "EXTRA_COMPILER_FLAGS=-ffunction-sections -fdata-sections -Wall -Wextra"
"Running Make libs in microblaze_0/libsrc/axidma_v9_9/src"
make -C microblaze_0/libsrc/axidma_v9_9/src -s libs  "SHELL=CMD" "COMPILER=mb-gcc" "ARCHIVER=mb-ar" "COMPILER_FLAGS=  -O2 -c -mcpu=v11.0 -mlittle-endian -mxl-soft-mul" "EXTRA_COMPILER_FLAGS=-ffunction-sections -fdata-sections -Wall -Wextra"
"Compiling axidma"
"Running Make libs in microblaze_0/libsrc/AXI_DPTI_v1_0/src"
make -C microblaze_0/libsrc/AXI_DPTI_v1_0/src -s libs  "SHELL=CMD" "COMPILER=mb-gcc" "ARCHIVER=mb-ar" "COMPILER_FLAGS=  -O2 -c -mcpu=v11.0 -mlittle-endian -mxl-soft-mul" "EXTRA_COMPILER_FLAGS=-ffunction-sections -fdata-sections -Wall -Wextra"
"Compiling AXI_DPTI..."
"Running Make libs in microblaze_0/libsrc/bram_v4_3/src"
make -C microblaze_0/libsrc/bram_v4_3/src -s libs  "SHELL=CMD" "COMPILER=mb-gcc" "ARCHIVER=mb-ar" "COMPILER_FLAGS=  -O2 -c -mcpu=v11.0 -mlittle-endian -mxl-soft-mul" "EXTRA_COMPILER_FLAGS=-ffunction-sections -fdata-sections -Wall -Wextra"
"Compiling bram"
"Running Make libs in microblaze_0/libsrc/cpu_v2_9/src"
make -C microblaze_0/libsrc/cpu_v2_9/src -s libs  "SHELL=CMD" "COMPILER=mb-gcc" "ARCHIVER=mb-ar" "COMPILER_FLAGS=  -O2 -c -mcpu=v11.0 -mlittle-endian -mxl-soft-mul" "EXTRA_COMPILER_FLAGS=-ffunction-sections -fdata-sections -Wall -Wextra"
"Compiling cpu"
"Running Make libs in microblaze_0/libsrc/iic_v3_5/src"
make -C microblaze_0/libsrc/iic_v3_5/src -s libs  "SHELL=CMD" "COMPILER=mb-gcc" "ARCHIVER=mb-ar" "COMPILER_FLAGS=  -O2 -c -mcpu=v11.0 -mlittle-endian -mxl-soft-mul" "EXTRA_COMPILER_FLAGS=-ffunction-sections -fdata-sections -Wall -Wextra"
"Compiling iic"
"Running Make libs in microblaze_0/libsrc/intc_v3_9/src"
make -C microblaze_0/libsrc/intc_v3_9/src -s libs  "SHELL=CMD" "COMPILER=mb-gcc" "ARCHIVER=mb-ar" "COMPILER_FLAGS=  -O2 -c -mcpu=v11.0 -mlittle-endian -mxl-soft-mul" "EXTRA_COMPILER_FLAGS=-ffunction-sections -fdata-sections -Wall -Wextra"
"Compiling intc"
"Running Make libs in microblaze_0/libsrc/standalone_v7_0/src"
make -C microblaze_0/libsrc/standalone_v7_0/src -s libs  "SHELL=CMD" "COMPILER=mb-gcc" "ARCHIVER=mb-ar" "COMPILER_FLAGS=  -O2 -c -mcpu=v11.0 -mlittle-endian -mxl-soft-mul" "EXTRA_COMPILER_FLAGS=-ffunction-sections -fdata-sections -Wall -Wextra"
"Compiling standalone";
microblaze_sleep.c:77:9: note: #pragma message: For the sleep routines, assembly instructions are used
 #pragma message ("For the sleep routines, assembly instructions are used")
         ^~~~~~~
"Running Make libs in microblaze_0/libsrc/uartlite_v3_2/src"
make -C microblaze_0/libsrc/uartlite_v3_2/src -s libs  "SHELL=CMD" "COMPILER=mb-gcc" "ARCHIVER=mb-ar" "COMPILER_FLAGS=  -O2 -c -mcpu=v11.0 -mlittle-endian -mxl-soft-mul" "EXTRA_COMPILER_FLAGS=-ffunction-sections -fdata-sections -Wall -Wextra"
"Compiling uartlite"
'Finished building libraries'
09:15:00 **** Auto Build of configuration Debug for project USB104A7_ZmodADC_Demo ****
make all 
'Building file: ../src/Zmod/baremetal/reg/reg.c'
'Invoking: MicroBlaze g++ compiler'
mb-g++ -Wall -O0 -g3 -c -fmessage-length=0 -MT"src/Zmod/baremetal/reg/reg.o" -I../../USB104A7_ZmodADC_Demo_bsp/microblaze_0/include -mlittle-endian -mcpu=v11.0 -mxl-soft-mul -Wl,--no-relax -ffunction-sections -fdata-sections -MMD -MP -MF"src/Zmod/baremetal/reg/reg.d" -MT"src/Zmod/baremetal/reg/reg.o" -o "src/Zmod/baremetal/reg/reg.o" "../src/Zmod/baremetal/reg/reg.c"
'Finished building: ../src/Zmod/baremetal/reg/reg.c'
' '
'Building file: ../src/Zmod/baremetal/intc/intc.c'
'Invoking: MicroBlaze g++ compiler'
mb-g++ -Wall -O0 -g3 -c -fmessage-length=0 -MT"src/Zmod/baremetal/intc/intc.o" -I../../USB104A7_ZmodADC_Demo_bsp/microblaze_0/include -mlittle-endian -mcpu=v11.0 -mxl-soft-mul -Wl,--no-relax -ffunction-sections -fdata-sections -MMD -MP -MF"src/Zmod/baremetal/intc/intc.d" -MT"src/Zmod/baremetal/intc/intc.o" -o "src/Zmod/baremetal/intc/intc.o" "../src/Zmod/baremetal/intc/intc.c"
'Finished building: ../src/Zmod/baremetal/intc/intc.c'
' '
'Building file: ../src/Zmod/baremetal/flash/flash.c'
'Invoking: MicroBlaze g++ compiler'
mb-g++ -Wall -O0 -g3 -c -fmessage-length=0 -MT"src/Zmod/baremetal/flash/flash.o" -I../../USB104A7_ZmodADC_Demo_bsp/microblaze_0/include -mlittle-endian -mcpu=v11.0 -mxl-soft-mul -Wl,--no-relax -ffunction-sections -fdata-sections -MMD -MP -MF"src/Zmod/baremetal/flash/flash.d" -MT"src/Zmod/baremetal/flash/flash.o" -o "src/Zmod/baremetal/flash/flash.o" "../src/Zmod/baremetal/flash/flash.c"
'Finished building: ../src/Zmod/baremetal/flash/flash.c'
' '
'Building file: ../src/Zmod/baremetal/dma/dma.c'
'Invoking: MicroBlaze g++ compiler'
mb-g++ -Wall -O0 -g3 -c -fmessage-length=0 -MT"src/Zmod/baremetal/dma/dma.o" -I../../USB104A7_ZmodADC_Demo_bsp/microblaze_0/include -mlittle-endian -mcpu=v11.0 -mxl-soft-mul -Wl,--no-relax -ffunction-sections -fdata-sections -MMD -MP -MF"src/Zmod/baremetal/dma/dma.d" -MT"src/Zmod/baremetal/dma/dma.o" -o "src/Zmod/baremetal/dma/dma.o" "../src/Zmod/baremetal/dma/dma.c"
'Finished building: ../src/Zmod/baremetal/dma/dma.c'
' '
'Building file: ../src/DPTI/dpti.c'
'Invoking: MicroBlaze g++ compiler'
mb-g++ -Wall -O0 -g3 -c -fmessage-length=0 -MT"src/DPTI/dpti.o" -I../../USB104A7_ZmodADC_Demo_bsp/microblaze_0/include -mlittle-endian -mcpu=v11.0 -mxl-soft-mul -Wl,--no-relax -ffunction-sections -fdata-sections -MMD -MP -MF"src/DPTI/dpti.d" -MT"src/DPTI/dpti.o" -o "src/DPTI/dpti.o" "../src/DPTI/dpti.c"
'Finished building: ../src/DPTI/dpti.c'
' '
'Building file: ../src/main.cc'
'Invoking: MicroBlaze g++ compiler'
mb-g++ -Wall -O0 -g3 -c -fmessage-length=0 -MT"src/main.o" -I../../USB104A7_ZmodADC_Demo_bsp/microblaze_0/include -mlittle-endian -mcpu=v11.0 -mxl-soft-mul -Wl,--no-relax -ffunction-sections -fdata-sections -MMD -MP -MF"src/main.d" -MT"src/main.o" -o "src/main.o" "../src/main.cc"
'Finished building: ../src/main.cc'
' '
'Building file: ../src/platform.c'
'Invoking: MicroBlaze g++ compiler'
mb-g++ -Wall -O0 -g3 -c -fmessage-length=0 -MT"src/platform.o" -I../../USB104A7_ZmodADC_Demo_bsp/microblaze_0/include -mlittle-endian -mcpu=v11.0 -mxl-soft-mul -Wl,--no-relax -ffunction-sections -fdata-sections -MMD -MP -MF"src/platform.d" -MT"src/platform.o" -o "src/platform.o" "../src/platform.c"
'Finished building: ../src/platform.c'
' '
'Building target: USB104A7_ZmodADC_Demo.elf'
'Invoking: MicroBlaze g++ linker'
mb-g++ -Wl,-T -Wl,../src/lscript.ld -L../../USB104A7_ZmodADC_Demo_bsp/microblaze_0/lib -mlittle-endian -mcpu=v11.0 -mxl-soft-mul -Wl,--no-relax -Wl,--gc-sections -o "USB104A7_ZmodADC_Demo.elf"  ./src/ZmodADC1410/zmodadc1410.o  ./src/Zmod/linux/reg/reg.o  ./src/Zmod/linux/flash/flash.o  ./src/Zmod/linux/dma/dma.o ./src/Zmod/linux/dma/libaxidma.o  ./src/Zmod/linux/utils.o  ./src/Zmod/baremetal/reg/reg.o  ./src/Zmod/baremetal/intc/intc.o  ./src/Zmod/baremetal/flash/flash.o  ./src/Zmod/baremetal/dma/dma.o  ./src/Zmod/zmod.o  ./src/DPTI/dpti.o  ./src/main.o ./src/platform.o   -Wl,--start-group,-lxil,-lgcc,-lc,-lstdc++,--end-group
'Finished building target: USB104A7_ZmodADC_Demo.elf'
' '
'Invoking: MicroBlaze Print Size'
mb-size USB104A7_ZmodADC_Demo.elf  |tee "USB104A7_ZmodADC_Demo.elf.size"
   text	   data	    bss	    dec	    hex	filename
  93348	   1908	 527656	 622912	  98140	USB104A7_ZmodADC_Demo.elf
'Finished building: USB104A7_ZmodADC_Demo.elf.size'
' '
09:21:08 **** Auto Build of project USB104A7_ZmodADC_Demo_bsp ****
make -k all 
"Running Make include in microblaze_0/libsrc/axidma_v9_9/src"
make -C microblaze_0/libsrc/axidma_v9_9/src -s include  "SHELL=CMD" "COMPILER=mb-gcc" "ARCHIVER=mb-ar" "COMPILER_FLAGS=  -O2 -c -mcpu=v11.0 -mlittle-endian -mxl-soft-mul" "EXTRA_COMPILER_FLAGS=-ffunction-sections -fdata-sections -Wall -Wextra"
"Running Make include in microblaze_0/libsrc/AXI_DPTI_v1_0/src"
make -C microblaze_0/libsrc/AXI_DPTI_v1_0/src -s include  "SHELL=CMD" "COMPILER=mb-gcc" "ARCHIVER=mb-ar" "COMPILER_FLAGS=  -O2 -c -mcpu=v11.0 -mlittle-endian -mxl-soft-mul" "EXTRA_COMPILER_FLAGS=-ffunction-sections -fdata-sections -Wall -Wextra"
"Running Make include in microblaze_0/libsrc/bram_v4_3/src"
make -C microblaze_0/libsrc/bram_v4_3/src -s include  "SHELL=CMD" "COMPILER=mb-gcc" "ARCHIVER=mb-ar" "COMPILER_FLAGS=  -O2 -c -mcpu=v11.0 -mlittle-endian -mxl-soft-mul" "EXTRA_COMPILER_FLAGS=-ffunction-sections -fdata-sections -Wall -Wextra"
"Running Make include in microblaze_0/libsrc/cpu_v2_9/src"
make -C microblaze_0/libsrc/cpu_v2_9/src -s include  "SHELL=CMD" "COMPILER=mb-gcc" "ARCHIVER=mb-ar" "COMPILER_FLAGS=  -O2 -c -mcpu=v11.0 -mlittle-endian -mxl-soft-mul" "EXTRA_COMPILER_FLAGS=-ffunction-sections -fdata-sections -Wall -Wextra"
"Running Make include in microblaze_0/libsrc/iic_v3_5/src"
make -C microblaze_0/libsrc/iic_v3_5/src -s include  "SHELL=CMD" "COMPILER=mb-gcc" "ARCHIVER=mb-ar" "COMPILER_FLAGS=  -O2 -c -mcpu=v11.0 -mlittle-endian -mxl-soft-mul" "EXTRA_COMPILER_FLAGS=-ffunction-sections -fdata-sections -Wall -Wextra"
"Running Make include in microblaze_0/libsrc/intc_v3_9/src"
make -C microblaze_0/libsrc/intc_v3_9/src -s include  "SHELL=CMD" "COMPILER=mb-gcc" "ARCHIVER=mb-ar" "COMPILER_FLAGS=  -O2 -c -mcpu=v11.0 -mlittle-endian -mxl-soft-mul" "EXTRA_COMPILER_FLAGS=-ffunction-sections -fdata-sections -Wall -Wextra"
"Running Make include in microblaze_0/libsrc/standalone_v7_0/src"
make -C microblaze_0/libsrc/standalone_v7_0/src -s include  "SHELL=CMD" "COMPILER=mb-gcc" "ARCHIVER=mb-ar" "COMPILER_FLAGS=  -O2 -c -mcpu=v11.0 -mlittle-endian -mxl-soft-mul" "EXTRA_COMPILER_FLAGS=-ffunction-sections -fdata-sections -Wall -Wextra"
"Running Make include in microblaze_0/libsrc/uartlite_v3_2/src"
make -C microblaze_0/libsrc/uartlite_v3_2/src -s include  "SHELL=CMD" "COMPILER=mb-gcc" "ARCHIVER=mb-ar" "COMPILER_FLAGS=  -O2 -c -mcpu=v11.0 -mlittle-endian -mxl-soft-mul" "EXTRA_COMPILER_FLAGS=-ffunction-sections -fdata-sections -Wall -Wextra"
"Running Make libs in microblaze_0/libsrc/axidma_v9_9/src"
make -C microblaze_0/libsrc/axidma_v9_9/src -s libs  "SHELL=CMD" "COMPILER=mb-gcc" "ARCHIVER=mb-ar" "COMPILER_FLAGS=  -O2 -c -mcpu=v11.0 -mlittle-endian -mxl-soft-mul" "EXTRA_COMPILER_FLAGS=-ffunction-sections -fdata-sections -Wall -Wextra"
"Compiling axidma"
"Running Make libs in microblaze_0/libsrc/AXI_DPTI_v1_0/src"
make -C microblaze_0/libsrc/AXI_DPTI_v1_0/src -s libs  "SHELL=CMD" "COMPILER=mb-gcc" "ARCHIVER=mb-ar" "COMPILER_FLAGS=  -O2 -c -mcpu=v11.0 -mlittle-endian -mxl-soft-mul" "EXTRA_COMPILER_FLAGS=-ffunction-sections -fdata-sections -Wall -Wextra"
"Compiling AXI_DPTI..."
"Running Make libs in microblaze_0/libsrc/bram_v4_3/src"
make -C microblaze_0/libsrc/bram_v4_3/src -s libs  "SHELL=CMD" "COMPILER=mb-gcc" "ARCHIVER=mb-ar" "COMPILER_FLAGS=  -O2 -c -mcpu=v11.0 -mlittle-endian -mxl-soft-mul" "EXTRA_COMPILER_FLAGS=-ffunction-sections -fdata-sections -Wall -Wextra"
"Compiling bram"
"Running Make libs in microblaze_0/libsrc/cpu_v2_9/src"
make -C microblaze_0/libsrc/cpu_v2_9/src -s libs  "SHELL=CMD" "COMPILER=mb-gcc" "ARCHIVER=mb-ar" "COMPILER_FLAGS=  -O2 -c -mcpu=v11.0 -mlittle-endian -mxl-soft-mul" "EXTRA_COMPILER_FLAGS=-ffunction-sections -fdata-sections -Wall -Wextra"
"Compiling cpu"
"Running Make libs in microblaze_0/libsrc/iic_v3_5/src"
make -C microblaze_0/libsrc/iic_v3_5/src -s libs  "SHELL=CMD" "COMPILER=mb-gcc" "ARCHIVER=mb-ar" "COMPILER_FLAGS=  -O2 -c -mcpu=v11.0 -mlittle-endian -mxl-soft-mul" "EXTRA_COMPILER_FLAGS=-ffunction-sections -fdata-sections -Wall -Wextra"
"Compiling iic"
"Running Make libs in microblaze_0/libsrc/intc_v3_9/src"
make -C microblaze_0/libsrc/intc_v3_9/src -s libs  "SHELL=CMD" "COMPILER=mb-gcc" "ARCHIVER=mb-ar" "COMPILER_FLAGS=  -O2 -c -mcpu=v11.0 -mlittle-endian -mxl-soft-mul" "EXTRA_COMPILER_FLAGS=-ffunction-sections -fdata-sections -Wall -Wextra"
"Compiling intc"
"Running Make libs in microblaze_0/libsrc/standalone_v7_0/src"
make -C microblaze_0/libsrc/standalone_v7_0/src -s libs  "SHELL=CMD" "COMPILER=mb-gcc" "ARCHIVER=mb-ar" "COMPILER_FLAGS=  -O2 -c -mcpu=v11.0 -mlittle-endian -mxl-soft-mul" "EXTRA_COMPILER_FLAGS=-ffunction-sections -fdata-sections -Wall -Wextra"
"Compiling standalone";
microblaze_sleep.c:77:9: note: #pragma message: For the sleep routines, assembly instructions are used
 #pragma message ("For the sleep routines, assembly instructions are used")
         ^~~~~~~
"Running Make libs in microblaze_0/libsrc/uartlite_v3_2/src"
make -C microblaze_0/libsrc/uartlite_v3_2/src -s libs  "SHELL=CMD" "COMPILER=mb-gcc" "ARCHIVER=mb-ar" "COMPILER_FLAGS=  -O2 -c -mcpu=v11.0 -mlittle-endian -mxl-soft-mul" "EXTRA_COMPILER_FLAGS=-ffunction-sections -fdata-sections -Wall -Wextra"
"Compiling uartlite"
'Finished building libraries'
09:21:15 **** Auto Build of configuration Debug for project USB104A7_ZmodADC_Demo ****
make all 
'Building file: ../src/Zmod/baremetal/reg/reg.c'
'Invoking: MicroBlaze g++ compiler'
mb-g++ -Wall -O0 -g3 -c -fmessage-length=0 -MT"src/Zmod/baremetal/reg/reg.o" -I../../USB104A7_ZmodADC_Demo_bsp/microblaze_0/include -mlittle-endian -mcpu=v11.0 -mxl-soft-mul -Wl,--no-relax -ffunction-sections -fdata-sections -MMD -MP -MF"src/Zmod/baremetal/reg/reg.d" -MT"src/Zmod/baremetal/reg/reg.o" -o "src/Zmod/baremetal/reg/reg.o" "../src/Zmod/baremetal/reg/reg.c"
'Finished building: ../src/Zmod/baremetal/reg/reg.c'
' '
'Building file: ../src/Zmod/baremetal/intc/intc.c'
'Invoking: MicroBlaze g++ compiler'
mb-g++ -Wall -O0 -g3 -c -fmessage-length=0 -MT"src/Zmod/baremetal/intc/intc.o" -I../../USB104A7_ZmodADC_Demo_bsp/microblaze_0/include -mlittle-endian -mcpu=v11.0 -mxl-soft-mul -Wl,--no-relax -ffunction-sections -fdata-sections -MMD -MP -MF"src/Zmod/baremetal/intc/intc.d" -MT"src/Zmod/baremetal/intc/intc.o" -o "src/Zmod/baremetal/intc/intc.o" "../src/Zmod/baremetal/intc/intc.c"
'Finished building: ../src/Zmod/baremetal/intc/intc.c'
' '
'Building file: ../src/Zmod/baremetal/flash/flash.c'
'Invoking: MicroBlaze g++ compiler'
mb-g++ -Wall -O0 -g3 -c -fmessage-length=0 -MT"src/Zmod/baremetal/flash/flash.o" -I../../USB104A7_ZmodADC_Demo_bsp/microblaze_0/include -mlittle-endian -mcpu=v11.0 -mxl-soft-mul -Wl,--no-relax -ffunction-sections -fdata-sections -MMD -MP -MF"src/Zmod/baremetal/flash/flash.d" -MT"src/Zmod/baremetal/flash/flash.o" -o "src/Zmod/baremetal/flash/flash.o" "../src/Zmod/baremetal/flash/flash.c"
'Finished building: ../src/Zmod/baremetal/flash/flash.c'
' '
'Building file: ../src/Zmod/baremetal/dma/dma.c'
'Invoking: MicroBlaze g++ compiler'
mb-g++ -Wall -O0 -g3 -c -fmessage-length=0 -MT"src/Zmod/baremetal/dma/dma.o" -I../../USB104A7_ZmodADC_Demo_bsp/microblaze_0/include -mlittle-endian -mcpu=v11.0 -mxl-soft-mul -Wl,--no-relax -ffunction-sections -fdata-sections -MMD -MP -MF"src/Zmod/baremetal/dma/dma.d" -MT"src/Zmod/baremetal/dma/dma.o" -o "src/Zmod/baremetal/dma/dma.o" "../src/Zmod/baremetal/dma/dma.c"
'Finished building: ../src/Zmod/baremetal/dma/dma.c'
' '
'Building file: ../src/DPTI/dpti.c'
'Invoking: MicroBlaze g++ compiler'
mb-g++ -Wall -O0 -g3 -c -fmessage-length=0 -MT"src/DPTI/dpti.o" -I../../USB104A7_ZmodADC_Demo_bsp/microblaze_0/include -mlittle-endian -mcpu=v11.0 -mxl-soft-mul -Wl,--no-relax -ffunction-sections -fdata-sections -MMD -MP -MF"src/DPTI/dpti.d" -MT"src/DPTI/dpti.o" -o "src/DPTI/dpti.o" "../src/DPTI/dpti.c"
'Finished building: ../src/DPTI/dpti.c'
' '
'Building file: ../src/main.cc'
'Invoking: MicroBlaze g++ compiler'
mb-g++ -Wall -O0 -g3 -c -fmessage-length=0 -MT"src/main.o" -I../../USB104A7_ZmodADC_Demo_bsp/microblaze_0/include -mlittle-endian -mcpu=v11.0 -mxl-soft-mul -Wl,--no-relax -ffunction-sections -fdata-sections -MMD -MP -MF"src/main.d" -MT"src/main.o" -o "src/main.o" "../src/main.cc"
'Finished building: ../src/main.cc'
' '
'Building file: ../src/platform.c'
'Invoking: MicroBlaze g++ compiler'
mb-g++ -Wall -O0 -g3 -c -fmessage-length=0 -MT"src/platform.o" -I../../USB104A7_ZmodADC_Demo_bsp/microblaze_0/include -mlittle-endian -mcpu=v11.0 -mxl-soft-mul -Wl,--no-relax -ffunction-sections -fdata-sections -MMD -MP -MF"src/platform.d" -MT"src/platform.o" -o "src/platform.o" "../src/platform.c"
'Finished building: ../src/platform.c'
' '
'Building target: USB104A7_ZmodADC_Demo.elf'
'Invoking: MicroBlaze g++ linker'
mb-g++ -Wl,-T -Wl,../src/lscript.ld -L../../USB104A7_ZmodADC_Demo_bsp/microblaze_0/lib -mlittle-endian -mcpu=v11.0 -mxl-soft-mul -Wl,--no-relax -Wl,--gc-sections -o "USB104A7_ZmodADC_Demo.elf"  ./src/ZmodADC1410/zmodadc1410.o  ./src/Zmod/linux/reg/reg.o  ./src/Zmod/linux/flash/flash.o  ./src/Zmod/linux/dma/dma.o ./src/Zmod/linux/dma/libaxidma.o  ./src/Zmod/linux/utils.o  ./src/Zmod/baremetal/reg/reg.o  ./src/Zmod/baremetal/intc/intc.o  ./src/Zmod/baremetal/flash/flash.o  ./src/Zmod/baremetal/dma/dma.o  ./src/Zmod/zmod.o  ./src/DPTI/dpti.o  ./src/main.o ./src/platform.o   -Wl,--start-group,-lxil,-lgcc,-lc,-lstdc++,--end-group
'Finished building target: USB104A7_ZmodADC_Demo.elf'
' '
'Invoking: MicroBlaze Print Size'
mb-size USB104A7_ZmodADC_Demo.elf  |tee "USB104A7_ZmodADC_Demo.elf.size"
   text	   data	    bss	    dec	    hex	filename
  93348	   1908	 527656	 622912	  98140	USB104A7_ZmodADC_Demo.elf
'Finished building: USB104A7_ZmodADC_Demo.elf.size'
' '
09:21:45 **** Auto Build of configuration Debug for project USB104A7_ZmodADC_Demo ****
make all 
'Building file: ../src/DPTI/dpti.c'
'Invoking: MicroBlaze g++ compiler'
mb-g++ -Wall -O0 -g3 -c -fmessage-length=0 -MT"src/DPTI/dpti.o" -I../../USB104A7_ZmodADC_Demo_bsp/microblaze_0/include -mlittle-endian -mcpu=v11.0 -mxl-soft-mul -Wl,--no-relax -ffunction-sections -fdata-sections -MMD -MP -MF"src/DPTI/dpti.d" -MT"src/DPTI/dpti.o" -o "src/DPTI/dpti.o" "../src/DPTI/dpti.c"
../src/DPTI/dpti.c: In function 'XStatus DPTI_RequestHeader()':
../src/DPTI/dpti.c:91:65: error: 'DPTI_SR_HOTPLUG_OFFSET' was not declared in this scope
   if(Xil_In32((_AXI_DPTI_BASE_ADDRESS+DPTI_STATUS_REG_OFFSET) & DPTI_SR_HOTPLUG_OFFSET))
                                                                 ^~~~~~~~~~~~~~~~~~~~~~
../src/DPTI/dpti.c:91:65: note: suggested alternative: 'DPTI_SR_HOTPLUG_MASK'
   if(Xil_In32((_AXI_DPTI_BASE_ADDRESS+DPTI_STATUS_REG_OFFSET) & DPTI_SR_HOTPLUG_OFFSET))
                                                                 ^~~~~~~~~~~~~~~~~~~~~~
                                                                 DPTI_SR_HOTPLUG_MASK
make: *** [src/DPTI/subdir.mk:20: src/DPTI/dpti.o] Error 1
09:22:04 **** Auto Build of configuration Debug for project USB104A7_ZmodADC_Demo ****
make all 
'Building file: ../src/DPTI/dpti.c'
'Invoking: MicroBlaze g++ compiler'
mb-g++ -Wall -O0 -g3 -c -fmessage-length=0 -MT"src/DPTI/dpti.o" -I../../USB104A7_ZmodADC_Demo_bsp/microblaze_0/include -mlittle-endian -mcpu=v11.0 -mxl-soft-mul -Wl,--no-relax -ffunction-sections -fdata-sections -MMD -MP -MF"src/DPTI/dpti.d" -MT"src/DPTI/dpti.o" -o "src/DPTI/dpti.o" "../src/DPTI/dpti.c"
'Finished building: ../src/DPTI/dpti.c'
' '
'Building target: USB104A7_ZmodADC_Demo.elf'
'Invoking: MicroBlaze g++ linker'
mb-g++ -Wl,-T -Wl,../src/lscript.ld -L../../USB104A7_ZmodADC_Demo_bsp/microblaze_0/lib -mlittle-endian -mcpu=v11.0 -mxl-soft-mul -Wl,--no-relax -Wl,--gc-sections -o "USB104A7_ZmodADC_Demo.elf"  ./src/ZmodADC1410/zmodadc1410.o  ./src/Zmod/linux/reg/reg.o  ./src/Zmod/linux/flash/flash.o  ./src/Zmod/linux/dma/dma.o ./src/Zmod/linux/dma/libaxidma.o  ./src/Zmod/linux/utils.o  ./src/Zmod/baremetal/reg/reg.o  ./src/Zmod/baremetal/intc/intc.o  ./src/Zmod/baremetal/flash/flash.o  ./src/Zmod/baremetal/dma/dma.o  ./src/Zmod/zmod.o  ./src/DPTI/dpti.o  ./src/main.o ./src/platform.o   -Wl,--start-group,-lxil,-lgcc,-lc,-lstdc++,--end-group
'Finished building target: USB104A7_ZmodADC_Demo.elf'
' '
'Invoking: MicroBlaze Print Size'
mb-size USB104A7_ZmodADC_Demo.elf  |tee "USB104A7_ZmodADC_Demo.elf.size"
   text	   data	    bss	    dec	    hex	filename
  93512	   1908	 527660	 623080	  981e8	USB104A7_ZmodADC_Demo.elf
'Finished building: USB104A7_ZmodADC_Demo.elf.size'
' '
09:26:40 **** Auto Build of configuration Debug for project USB104A7_ZmodADC_Demo ****
make all 
'Building file: ../src/DPTI/dpti.c'
'Invoking: MicroBlaze g++ compiler'
mb-g++ -Wall -O0 -g3 -c -fmessage-length=0 -MT"src/DPTI/dpti.o" -I../../USB104A7_ZmodADC_Demo_bsp/microblaze_0/include -mlittle-endian -mcpu=v11.0 -mxl-soft-mul -Wl,--no-relax -ffunction-sections -fdata-sections -MMD -MP -MF"src/DPTI/dpti.d" -MT"src/DPTI/dpti.o" -o "src/DPTI/dpti.o" "../src/DPTI/dpti.c"
'Finished building: ../src/DPTI/dpti.c'
' '
'Building target: USB104A7_ZmodADC_Demo.elf'
'Invoking: MicroBlaze g++ linker'
mb-g++ -Wl,-T -Wl,../src/lscript.ld -L../../USB104A7_ZmodADC_Demo_bsp/microblaze_0/lib -mlittle-endian -mcpu=v11.0 -mxl-soft-mul -Wl,--no-relax -Wl,--gc-sections -o "USB104A7_ZmodADC_Demo.elf"  ./src/ZmodADC1410/zmodadc1410.o  ./src/Zmod/linux/reg/reg.o  ./src/Zmod/linux/flash/flash.o  ./src/Zmod/linux/dma/dma.o ./src/Zmod/linux/dma/libaxidma.o  ./src/Zmod/linux/utils.o  ./src/Zmod/baremetal/reg/reg.o  ./src/Zmod/baremetal/intc/intc.o  ./src/Zmod/baremetal/flash/flash.o  ./src/Zmod/baremetal/dma/dma.o  ./src/Zmod/zmod.o  ./src/DPTI/dpti.o  ./src/main.o ./src/platform.o   -Wl,--start-group,-lxil,-lgcc,-lc,-lstdc++,--end-group
'Finished building target: USB104A7_ZmodADC_Demo.elf'
' '
'Invoking: MicroBlaze Print Size'
mb-size USB104A7_ZmodADC_Demo.elf  |tee "USB104A7_ZmodADC_Demo.elf.size"
   text	   data	    bss	    dec	    hex	filename
  93532	   1908	 527656	 623096	  981f8	USB104A7_ZmodADC_Demo.elf
'Finished building: USB104A7_ZmodADC_Demo.elf.size'
' '
09:27:00 **** Incremental Build of configuration Debug for project USB104A7_ZmodADC_Demo ****
make all 
make: Nothing to be done for 'all'.
09:31:49 **** Incremental Build of configuration Debug for project USB104A7_ZmodADC_Demo ****
make all 
make: Nothing to be done for 'all'.
10:16:16 **** Incremental Build of configuration Debug for project USB104A7_ZmodADC_Demo ****
make all 
'Building file: ../src/DPTI/dpti.c'
'Invoking: MicroBlaze g++ compiler'
mb-g++ -Wall -O0 -g3 -c -fmessage-length=0 -MT"src/DPTI/dpti.o" -I../../USB104A7_ZmodADC_Demo_bsp/microblaze_0/include -mlittle-endian -mcpu=v11.0 -mxl-soft-mul -Wl,--no-relax -ffunction-sections -fdata-sections -MMD -MP -MF"src/DPTI/dpti.d" -MT"src/DPTI/dpti.o" -o "src/DPTI/dpti.o" "../src/DPTI/dpti.c"
'Finished building: ../src/DPTI/dpti.c'
' '
'Building target: USB104A7_ZmodADC_Demo.elf'
'Invoking: MicroBlaze g++ linker'
mb-g++ -Wl,-T -Wl,../src/lscript.ld -L../../USB104A7_ZmodADC_Demo_bsp/microblaze_0/lib -mlittle-endian -mcpu=v11.0 -mxl-soft-mul -Wl,--no-relax -Wl,--gc-sections -o "USB104A7_ZmodADC_Demo.elf"  ./src/ZmodADC1410/zmodadc1410.o  ./src/Zmod/linux/reg/reg.o  ./src/Zmod/linux/flash/flash.o  ./src/Zmod/linux/dma/dma.o ./src/Zmod/linux/dma/libaxidma.o  ./src/Zmod/linux/utils.o  ./src/Zmod/baremetal/reg/reg.o  ./src/Zmod/baremetal/intc/intc.o  ./src/Zmod/baremetal/flash/flash.o  ./src/Zmod/baremetal/dma/dma.o  ./src/Zmod/zmod.o  ./src/DPTI/dpti.o  ./src/main.o ./src/platform.o   -Wl,--start-group,-lxil,-lgcc,-lc,-lstdc++,--end-group
'Finished building target: USB104A7_ZmodADC_Demo.elf'
[...]
'Finished building target: USB104A7_ZmodADC_Demo.elf'
' '
'Invoking: MicroBlaze Print Size'
mb-size USB104A7_ZmodADC_Demo.elf  |tee "USB104A7_ZmodADC_Demo.elf.size"
   text	   data	    bss	    dec	    hex	filename
 103336	   1908	 527660	 632904	  9a848	USB104A7_ZmodADC_Demo.elf
'Finished building: USB104A7_ZmodADC_Demo.elf.size'
' '
15:28:15 **** Incremental Build of configuration Debug for project USB104A7_ZmodADC_Demo ****
make all 
make: Nothing to be done for 'all'.
15:39:02 **** Incremental Build of configuration Debug for project USB104A7_ZmodADC_Demo ****
make all 
make: Nothing to be done for 'all'.
15:44:47 **** Incremental Build of configuration Debug for project USB104A7_ZmodADC_Demo ****
make all 
make: Nothing to be done for 'all'.
15:47:22 **** Incremental Build of configuration Debug for project USB104A7_ZmodADC_Demo ****
make all 
make: Nothing to be done for 'all'.
15:53:05 **** Incremental Build of configuration Debug for project USB104A7_ZmodADC_Demo ****
make all 
make: Nothing to be done for 'all'.
16:00:48 **** Incremental Build of configuration Debug for project USB104A7_ZmodADC_Demo ****
make all 
make: Nothing to be done for 'all'.
16:02:37 **** Incremental Build of configuration Debug for project USB104A7_ZmodADC_Demo ****
make all 
make: Nothing to be done for 'all'.
14:53:32 **** Incremental Build of configuration Debug for project USB104A7_ZmodADC_Demo ****
make all 
make: Nothing to be done for 'all'.
15:00:19 **** Incremental Build of configuration Debug for project USB104A7_ZmodADC_Demo ****
make all 
make: Nothing to be done for 'all'.
15:04:46 **** Auto Build of configuration Debug for project USB104A7_ZmodADC_Demo ****
make all 
'Building file: ../src/main.cc'
'Invoking: MicroBlaze g++ compiler'
mb-g++ -Wall -O0 -g3 -c -fmessage-length=0 -MT"src/main.o" -I../../USB104A7_ZmodADC_Demo_bsp/microblaze_0/include -mlittle-endian -mcpu=v11.0 -mxl-soft-mul -Wl,--no-relax -ffunction-sections -fdata-sections -MMD -MP -MF"src/main.d" -MT"src/main.o" -o "src/main.o" "../src/main.cc"
../src/main.cc: In function 'XStatus DemoInitialize()':
../src/main.cc:63:12: error: expected primary-expression before ')' token
     while () {
            ^
make: *** [src/subdir.mk:30: src/main.o] Error 1
15:04:56 **** Auto Build of configuration Debug for project USB104A7_ZmodADC_Demo ****
make all 
'Building file: ../src/main.cc'
'Invoking: MicroBlaze g++ compiler'
mb-g++ -Wall -O0 -g3 -c -fmessage-length=0 -MT"src/main.o" -I../../USB104A7_ZmodADC_Demo_bsp/microblaze_0/include -mlittle-endian -mcpu=v11.0 -mxl-soft-mul -Wl,--no-relax -ffunction-sections -fdata-sections -MMD -MP -MF"src/main.d" -MT"src/main.o" -o "src/main.o" "../src/main.cc"
'Finished building: ../src/main.cc'
' '
'Building target: USB104A7_ZmodADC_Demo.elf'
'Invoking: MicroBlaze g++ linker'
mb-g++ -Wl,-T -Wl,../src/lscript.ld -L../../USB104A7_ZmodADC_Demo_bsp/microblaze_0/lib -mlittle-endian -mcpu=v11.0 -mxl-soft-mul -Wl,--no-relax -Wl,--gc-sections -o "USB104A7_ZmodADC_Demo.elf"  ./src/ZmodADC1410/zmodadc1410.o  ./src/Zmod/linux/reg/reg.o  ./src/Zmod/linux/flash/flash.o  ./src/Zmod/linux/dma/dma.o ./src/Zmod/linux/dma/libaxidma.o  ./src/Zmod/linux/utils.o  ./src/Zmod/baremetal/reg/reg.o  ./src/Zmod/baremetal/intc/intc.o  ./src/Zmod/baremetal/flash/flash.o  ./src/Zmod/baremetal/dma/dma.o  ./src/Zmod/zmod.o  ./src/DPTI/dpti.o  ./src/main.o ./src/platform.o   -Wl,--start-group,-lxil,-lgcc,-lc,-lstdc++,--end-group
'Finished building target: USB104A7_ZmodADC_Demo.elf'
' '
'Invoking: MicroBlaze Print Size'
mb-size USB104A7_ZmodADC_Demo.elf  |tee "USB104A7_ZmodADC_Demo.elf.size"
   text	   data	    bss	    dec	    hex	filename
 103376	   1908	 527660	 632944	  9a870	USB104A7_ZmodADC_Demo.elf
'Finished building: USB104A7_ZmodADC_Demo.elf.size'
' '
15:05:18 **** Incremental Build of configuration Debug for project USB104A7_ZmodADC_Demo ****
make all 
make: Nothing to be done for 'all'.
15:06:02 **** Incremental Build of configuration Debug for project USB104A7_ZmodADC_Demo ****
make all 
make: Nothing to be done for 'all'.
15:06:33 **** Auto Build of configuration Debug for project USB104A7_ZmodADC_Demo ****
make all 
'Building file: ../src/main.cc'
'Invoking: MicroBlaze g++ compiler'
mb-g++ -Wall -O0 -g3 -c -fmessage-length=0 -MT"src/main.o" -I../../USB104A7_ZmodADC_Demo_bsp/microblaze_0/include -mlittle-endian -mcpu=v11.0 -mxl-soft-mul -Wl,--no-relax -ffunction-sections -fdata-sections -MMD -MP -MF"src/main.d" -MT"src/main.o" -o "src/main.o" "../src/main.cc"
'Finished building: ../src/main.cc'
' '
'Building target: USB104A7_ZmodADC_Demo.elf'
'Invoking: MicroBlaze g++ linker'
mb-g++ -Wl,-T -Wl,../src/lscript.ld -L../../USB104A7_ZmodADC_Demo_bsp/microblaze_0/lib -mlittle-endian -mcpu=v11.0 -mxl-soft-mul -Wl,--no-relax -Wl,--gc-sections -o "USB104A7_ZmodADC_Demo.elf"  ./src/ZmodADC1410/zmodadc1410.o  ./src/Zmod/linux/reg/reg.o  ./src/Zmod/linux/flash/flash.o  ./src/Zmod/linux/dma/dma.o ./src/Zmod/linux/dma/libaxidma.o  ./src/Zmod/linux/utils.o  ./src/Zmod/baremetal/reg/reg.o  ./src/Zmod/baremetal/intc/intc.o  ./src/Zmod/baremetal/flash/flash.o  ./src/Zmod/baremetal/dma/dma.o  ./src/Zmod/zmod.o  ./src/DPTI/dpti.o  ./src/main.o ./src/platform.o   -Wl,--start-group,-lxil,-lgcc,-lc,-lstdc++,--end-group
'Finished building target: USB104A7_ZmodADC_Demo.elf'
' '
'Invoking: MicroBlaze Print Size'
mb-size USB104A7_ZmodADC_Demo.elf  |tee "USB104A7_ZmodADC_Demo.elf.size"
   text	   data	    bss	    dec	    hex	filename
 103336	   1908	 527660	 632904	  9a848	USB104A7_ZmodADC_Demo.elf
'Finished building: USB104A7_ZmodADC_Demo.elf.size'
' '
15:11:01 **** Auto Build of configuration Debug for project USB104A7_ZmodADC_Demo ****
make all 
'Building file: ../src/main.cc'
'Invoking: MicroBlaze g++ compiler'
mb-g++ -Wall -O0 -g3 -c -fmessage-length=0 -MT"src/main.o" -I../../USB104A7_ZmodADC_Demo_bsp/microblaze_0/include -mlittle-endian -mcpu=v11.0 -mxl-soft-mul -Wl,--no-relax -ffunction-sections -fdata-sections -MMD -MP -MF"src/main.d" -MT"src/main.o" -o "src/main.o" "../src/main.cc"
'Finished building: ../src/main.cc'
' '
'Building target: USB104A7_ZmodADC_Demo.elf'
'Invoking: MicroBlaze g++ linker'
mb-g++ -Wl,-T -Wl,../src/lscript.ld -L../../USB104A7_ZmodADC_Demo_bsp/microblaze_0/lib -mlittle-endian -mcpu=v11.0 -mxl-soft-mul -Wl,--no-relax -Wl,--gc-sections -o "USB104A7_ZmodADC_Demo.elf"  ./src/ZmodADC1410/zmodadc1410.o  ./src/Zmod/linux/reg/reg.o  ./src/Zmod/linux/flash/flash.o  ./src/Zmod/linux/dma/dma.o ./src/Zmod/linux/dma/libaxidma.o  ./src/Zmod/linux/utils.o  ./src/Zmod/baremetal/reg/reg.o  ./src/Zmod/baremetal/intc/intc.o  ./src/Zmod/baremetal/flash/flash.o  ./src/Zmod/baremetal/dma/dma.o  ./src/Zmod/zmod.o  ./src/DPTI/dpti.o  ./src/main.o ./src/platform.o   -Wl,--start-group,-lxil,-lgcc,-lc,-lstdc++,--end-group
'Finished building target: USB104A7_ZmodADC_Demo.elf'
' '
'Invoking: MicroBlaze Print Size'
mb-size USB104A7_ZmodADC_Demo.elf  |tee "USB104A7_ZmodADC_Demo.elf.size"
   text	   data	    bss	    dec	    hex	filename
 103376	   1908	 527660	 632944	  9a870	USB104A7_ZmodADC_Demo.elf
'Finished building: USB104A7_ZmodADC_Demo.elf.size'
' '
15:11:07 **** Auto Build of configuration Debug for project USB104A7_ZmodADC_Demo ****
make all 
'Building file: ../src/main.cc'
'Invoking: MicroBlaze g++ compiler'
mb-g++ -Wall -O0 -g3 -c -fmessage-length=0 -MT"src/main.o" -I../../USB104A7_ZmodADC_Demo_bsp/microblaze_0/include -mlittle-endian -mcpu=v11.0 -mxl-soft-mul -Wl,--no-relax -ffunction-sections -fdata-sections -MMD -MP -MF"src/main.d" -MT"src/main.o" -o "src/main.o" "../src/main.cc"
'Finished building: ../src/main.cc'
' '
'Building target: USB104A7_ZmodADC_Demo.elf'
'Invoking: MicroBlaze g++ linker'
mb-g++ -Wl,-T -Wl,../src/lscript.ld -L../../USB104A7_ZmodADC_Demo_bsp/microblaze_0/lib -mlittle-endian -mcpu=v11.0 -mxl-soft-mul -Wl,--no-relax -Wl,--gc-sections -o "USB104A7_ZmodADC_Demo.elf"  ./src/ZmodADC1410/zmodadc1410.o  ./src/Zmod/linux/reg/reg.o  ./src/Zmod/linux/flash/flash.o  ./src/Zmod/linux/dma/dma.o ./src/Zmod/linux/dma/libaxidma.o  ./src/Zmod/linux/utils.o  ./src/Zmod/baremetal/reg/reg.o  ./src/Zmod/baremetal/intc/intc.o  ./src/Zmod/baremetal/flash/flash.o  ./src/Zmod/baremetal/dma/dma.o  ./src/Zmod/zmod.o  ./src/DPTI/dpti.o  ./src/main.o ./src/platform.o   -Wl,--start-group,-lxil,-lgcc,-lc,-lstdc++,--end-group
'Finished building target: USB104A7_ZmodADC_Demo.elf'
' '
'Invoking: MicroBlaze Print Size'
mb-size USB104A7_ZmodADC_Demo.elf  |tee "USB104A7_ZmodADC_Demo.elf.size"
   text	   data	    bss	    dec	    hex	filename
 103364	   1908	 527656	 632928	  9a860	USB104A7_ZmodADC_Demo.elf
'Finished building: USB104A7_ZmodADC_Demo.elf.size'
' '
15:11:12 **** Incremental Build of configuration Debug for project USB104A7_ZmodADC_Demo ****
make all 
make: Nothing to be done for 'all'.
15:12:04 **** Incremental Build of configuration Debug for project USB104A7_ZmodADC_Demo ****
make all 
make: Nothing to be done for 'all'.
15:12:17 **** Incremental Build of configuration Debug for project USB104A7_ZmodADC_Demo ****
make all 
make: Nothing to be done for 'all'.
15:14:03 **** Auto Build of configuration Debug for project USB104A7_ZmodADC_Demo ****
make all 
'Building file: ../src/main.cc'
'Invoking: MicroBlaze g++ compiler'
mb-g++ -Wall -O0 -g3 -c -fmessage-length=0 -MT"src/main.o" -I../../USB104A7_ZmodADC_Demo_bsp/microblaze_0/include -mlittle-endian -mcpu=v11.0 -mxl-soft-mul -Wl,--no-relax -ffunction-sections -fdata-sections -MMD -MP -MF"src/main.d" -MT"src/main.o" -o "src/main.o" "../src/main.cc"
'Finished building: ../src/main.cc'
' '
'Building target: USB104A7_ZmodADC_Demo.elf'
'Invoking: MicroBlaze g++ linker'
mb-g++ -Wl,-T -Wl,../src/lscript.ld -L../../USB104A7_ZmodADC_Demo_bsp/microblaze_0/lib -mlittle-endian -mcpu=v11.0 -mxl-soft-mul -Wl,--no-relax -Wl,--gc-sections -o "USB104A7_ZmodADC_Demo.elf"  ./src/ZmodADC1410/zmodadc1410.o  ./src/Zmod/linux/reg/reg.o  ./src/Zmod/linux/flash/flash.o  ./src/Zmod/linux/dma/dma.o ./src/Zmod/linux/dma/libaxidma.o  ./src/Zmod/linux/utils.o  ./src/Zmod/baremetal/reg/reg.o  ./src/Zmod/baremetal/intc/intc.o  ./src/Zmod/baremetal/flash/flash.o  ./src/Zmod/baremetal/dma/dma.o  ./src/Zmod/zmod.o  ./src/DPTI/dpti.o  ./src/main.o ./src/platform.o   -Wl,--start-group,-lxil,-lgcc,-lc,-lstdc++,--end-group
'Finished building target: USB104A7_ZmodADC_Demo.elf'
' '
'Invoking: MicroBlaze Print Size'
mb-size USB104A7_ZmodADC_Demo.elf  |tee "USB104A7_ZmodADC_Demo.elf.size"
   text	   data	    bss	    dec	    hex	filename
 103364	   1908	 527656	 632928	  9a860	USB104A7_ZmodADC_Demo.elf
'Finished building: USB104A7_ZmodADC_Demo.elf.size'
' '
15:14:08 **** Incremental Build of configuration Debug for project USB104A7_ZmodADC_Demo ****
make all 
make: Nothing to be done for 'all'.
15:26:47 **** Incremental Build of configuration Debug for project USB104A7_ZmodADC_Demo ****
make all 
'Building file: ../src/main.cc'
'Invoking: MicroBlaze g++ compiler'
mb-g++ -Wall -O0 -g3 -c -fmessage-length=0 -MT"src/main.o" -I../../USB104A7_ZmodADC_Demo_bsp/microblaze_0/include -mlittle-endian -mcpu=v11.0 -mxl-soft-mul -Wl,--no-relax -ffunction-sections -fdata-sections -MMD -MP -MF"src/main.d" -MT"src/main.o" -o "src/main.o" "../src/main.cc"
'Finished building: ../src/main.cc'
' '
'Building target: USB104A7_ZmodADC_Demo.elf'
'Invoking: MicroBlaze g++ linker'
mb-g++ -Wl,-T -Wl,../src/lscript.ld -L../../USB104A7_ZmodADC_Demo_bsp/microblaze_0/lib -mlittle-endian -mcpu=v11.0 -mxl-soft-mul -Wl,--no-relax -Wl,--gc-sections -o "USB104A7_ZmodADC_Demo.elf"  ./src/ZmodADC1410/zmodadc1410.o  ./src/Zmod/linux/reg/reg.o  ./src/Zmod/linux/flash/flash.o  ./src/Zmod/linux/dma/dma.o ./src/Zmod/linux/dma/libaxidma.o  ./src/Zmod/linux/utils.o  ./src/Zmod/baremetal/reg/reg.o  ./src/Zmod/baremetal/intc/intc.o  ./src/Zmod/baremetal/flash/flash.o  ./src/Zmod/baremetal/dma/dma.o  ./src/Zmod/zmod.o  ./src/DPTI/dpti.o  ./src/main.o ./src/platform.o   -Wl,--start-group,-lxil,-lgcc,-lc,-lstdc++,--end-group
'Finished building target: USB104A7_ZmodADC_Demo.elf'
' '
'Invoking: MicroBlaze Print Size'
mb-size USB104A7_ZmodADC_Demo.elf  |tee "USB104A7_ZmodADC_Demo.elf.size"
   text	   data	    bss	    dec	    hex	filename
 103364	   1908	 527656	 632928	  9a860	USB104A7_ZmodADC_Demo.elf
'Finished building: USB104A7_ZmodADC_Demo.elf.size'
' '
15:27:10 **** Incremental Build of configuration Debug for project USB104A7_ZmodADC_Demo ****
make all 
make: Nothing to be done for 'all'.
15:30:47 **** Incremental Build of configuration Debug for project USB104A7_ZmodADC_Demo ****
make all 
make: Nothing to be done for 'all'.
15:31:09 **** Auto Build of configuration Debug for project USB104A7_ZmodADC_Demo ****
make all 
'Building file: ../src/main.cc'
'Invoking: MicroBlaze g++ compiler'
mb-g++ -Wall -O0 -g3 -c -fmessage-length=0 -MT"src/main.o" -I../../USB104A7_ZmodADC_Demo_bsp/microblaze_0/include -mlittle-endian -mcpu=v11.0 -mxl-soft-mul -Wl,--no-relax -ffunction-sections -fdata-sections -MMD -MP -MF"src/main.d" -MT"src/main.o" -o "src/main.o" "../src/main.cc"
'Finished building: ../src/main.cc'
' '
'Building target: USB104A7_ZmodADC_Demo.elf'
'Invoking: MicroBlaze g++ linker'
mb-g++ -Wl,-T -Wl,../src/lscript.ld -L../../USB104A7_ZmodADC_Demo_bsp/microblaze_0/lib -mlittle-endian -mcpu=v11.0 -mxl-soft-mul -Wl,--no-relax -Wl,--gc-sections -o "USB104A7_ZmodADC_Demo.elf"  ./src/ZmodADC1410/zmodadc1410.o  ./src/Zmod/linux/reg/reg.o  ./src/Zmod/linux/flash/flash.o  ./src/Zmod/linux/dma/dma.o ./src/Zmod/linux/dma/libaxidma.o  ./src/Zmod/linux/utils.o  ./src/Zmod/baremetal/reg/reg.o  ./src/Zmod/baremetal/intc/intc.o  ./src/Zmod/baremetal/flash/flash.o  ./src/Zmod/baremetal/dma/dma.o  ./src/Zmod/zmod.o  ./src/DPTI/dpti.o  ./src/main.o ./src/platform.o   -Wl,--start-group,-lxil,-lgcc,-lc,-lstdc++,--end-group
'Finished building target: USB104A7_ZmodADC_Demo.elf'
' '
'Invoking: MicroBlaze Print Size'
mb-size USB104A7_ZmodADC_Demo.elf  |tee "USB104A7_ZmodADC_Demo.elf.size"
   text	   data	    bss	    dec	    hex	filename
 103364	   1908	 527656	 632928	  9a860	USB104A7_ZmodADC_Demo.elf
'Finished building: USB104A7_ZmodADC_Demo.elf.size'
' '
15:31:12 **** Incremental Build of configuration Debug for project USB104A7_ZmodADC_Demo ****
make all 
make: Nothing to be done for 'all'.
15:33:37 **** Auto Build of configuration Debug for project USB104A7_ZmodADC_Demo ****
make all 
'Building file: ../src/main.cc'
'Invoking: MicroBlaze g++ compiler'
mb-g++ -Wall -O0 -g3 -c -fmessage-length=0 -MT"src/main.o" -I../../USB104A7_ZmodADC_Demo_bsp/microblaze_0/include -mlittle-endian -mcpu=v11.0 -mxl-soft-mul -Wl,--no-relax -ffunction-sections -fdata-sections -MMD -MP -MF"src/main.d" -MT"src/main.o" -o "src/main.o" "../src/main.cc"
'Finished building: ../src/main.cc'
' '
'Building target: USB104A7_ZmodADC_Demo.elf'
'Invoking: MicroBlaze g++ linker'
mb-g++ -Wl,-T -Wl,../src/lscript.ld -L../../USB104A7_ZmodADC_Demo_bsp/microblaze_0/lib -mlittle-endian -mcpu=v11.0 -mxl-soft-mul -Wl,--no-relax -Wl,--gc-sections -o "USB104A7_ZmodADC_Demo.elf"  ./src/ZmodADC1410/zmodadc1410.o  ./src/Zmod/linux/reg/reg.o  ./src/Zmod/linux/flash/flash.o  ./src/Zmod/linux/dma/dma.o ./src/Zmod/linux/dma/libaxidma.o  ./src/Zmod/linux/utils.o  ./src/Zmod/baremetal/reg/reg.o  ./src/Zmod/baremetal/intc/intc.o  ./src/Zmod/baremetal/flash/flash.o  ./src/Zmod/baremetal/dma/dma.o  ./src/Zmod/zmod.o  ./src/DPTI/dpti.o  ./src/main.o ./src/platform.o   -Wl,--start-group,-lxil,-lgcc,-lc,-lstdc++,--end-group
'Finished building target: USB104A7_ZmodADC_Demo.elf'
' '
'Invoking: MicroBlaze Print Size'
mb-size USB104A7_ZmodADC_Demo.elf  |tee "USB104A7_ZmodADC_Demo.elf.size"
   text	   data	    bss	    dec	    hex	filename
 103336	   1908	 527660	 632904	  9a848	USB104A7_ZmodADC_Demo.elf
'Finished building: USB104A7_ZmodADC_Demo.elf.size'
' '
15:33:46 **** Incremental Build of configuration Debug for project USB104A7_ZmodADC_Demo ****
make all 
make: Nothing to be done for 'all'.
15:34:52 **** Incremental Build of configuration Debug for project USB104A7_ZmodADC_Demo ****
make all 
make: Nothing to be done for 'all'.
15:44:18 **** Incremental Build of configuration Debug for project USB104A7_ZmodADC_Demo ****
make all 
make: Nothing to be done for 'all'.
14:26:29 **** Incremental Build of configuration Debug for project USB104A7_ZmodADC_Demo ****
make all 
make: Nothing to be done for 'all'.
16:02:57 **** Auto Build of configuration Debug for project USB104A7_ZmodADC_Demo ****
make all 
'Building file: ../src/main.cc'
'Invoking: MicroBlaze g++ compiler'
mb-g++ -Wall -O0 -g3 -c -fmessage-length=0 -MT"src/main.o" -I../../USB104A7_ZmodADC_Demo_bsp/microblaze_0/include -mlittle-endian -mcpu=v11.0 -mxl-soft-mul -Wl,--no-relax -ffunction-sections -fdata-sections -MMD -MP -MF"src/main.d" -MT"src/main.o" -o "src/main.o" "../src/main.cc"
'Finished building: ../src/main.cc'
' '
'Building target: USB104A7_ZmodADC_Demo.elf'
'Invoking: MicroBlaze g++ linker'
mb-g++ -Wl,-T -Wl,../src/lscript.ld -L../../USB104A7_ZmodADC_Demo_bsp/microblaze_0/lib -mlittle-endian -mcpu=v11.0 -mxl-soft-mul -Wl,--no-relax -Wl,--gc-sections -o "USB104A7_ZmodADC_Demo.elf"  ./src/ZmodADC1410/zmodadc1410.o  ./src/Zmod/linux/reg/reg.o  ./src/Zmod/linux/flash/flash.o  ./src/Zmod/linux/dma/dma.o ./src/Zmod/linux/dma/libaxidma.o  ./src/Zmod/linux/utils.o  ./src/Zmod/baremetal/reg/reg.o  ./src/Zmod/baremetal/intc/intc.o  ./src/Zmod/baremetal/flash/flash.o  ./src/Zmod/baremetal/dma/dma.o  ./src/Zmod/zmod.o  ./src/DPTI/dpti.o  ./src/main.o ./src/platform.o   -Wl,--start-group,-lxil,-lgcc,-lc,-lstdc++,--end-group
'Finished building target: USB104A7_ZmodADC_Demo.elf'
' '
'Invoking: MicroBlaze Print Size'
mb-size USB104A7_ZmodADC_Demo.elf  |tee "USB104A7_ZmodADC_Demo.elf.size"
   text	   data	    bss	    dec	    hex	filename
 103344	   1908	 527660	 632912	  9a850	USB104A7_ZmodADC_Demo.elf
'Finished building: USB104A7_ZmodADC_Demo.elf.size'
' '
16:03:33 **** Incremental Build of configuration Debug for project USB104A7_ZmodADC_Demo ****
make all 
make: Nothing to be done for 'all'.
19:00:15 **** Auto Build of configuration Debug for project USB104A7_ZmodADC_Demo ****
make all 
make: Nothing to be done for 'all'.
19:00:47 **** Auto Build of configuration Debug for project USB104A7_ZmodADC_Demo ****
make all 
'Building file: ../src/main.cc'
'Invoking: MicroBlaze g++ compiler'
mb-g++ -Wall -O0 -g3 -c -fmessage-length=0 -MT"src/main.o" -I../../USB104A7_ZmodADC_Demo_bsp/microblaze_0/include -mlittle-endian -mcpu=v11.0 -mxl-soft-mul -Wl,--no-relax -ffunction-sections -fdata-sections -MMD -MP -MF"src/main.d" -MT"src/main.o" -o "src/main.o" "../src/main.cc"
'Finished building: ../src/main.cc'
' '
'Building target: USB104A7_ZmodADC_Demo.elf'
'Invoking: MicroBlaze g++ linker'
mb-g++ -Wl,-T -Wl,../src/lscript.ld -L../../USB104A7_ZmodADC_Demo_bsp/microblaze_0/lib -mlittle-endian -mcpu=v11.0 -mxl-soft-mul -Wl,--no-relax -Wl,--gc-sections -o "USB104A7_ZmodADC_Demo.elf"  ./src/ZmodADC1410/zmodadc1410.o  ./src/Zmod/linux/reg/reg.o  ./src/Zmod/linux/flash/flash.o  ./src/Zmod/linux/dma/dma.o ./src/Zmod/linux/dma/libaxidma.o  ./src/Zmod/linux/utils.o  ./src/Zmod/baremetal/reg/reg.o  ./src/Zmod/baremetal/intc/intc.o  ./src/Zmod/baremetal/flash/flash.o  ./src/Zmod/baremetal/dma/dma.o  ./src/Zmod/zmod.o  ./src/DPTI/dpti.o  ./src/main.o ./src/platform.o   -Wl,--start-group,-lxil,-lgcc,-lc,-lstdc++,--end-group
'Finished building target: USB104A7_ZmodADC_Demo.elf'
' '
'Invoking: MicroBlaze Print Size'
mb-size USB104A7_ZmodADC_Demo.elf  |tee "USB104A7_ZmodADC_Demo.elf.size"
   text	   data	    bss	    dec	    hex	filename
 103336	   1908	 527660	 632904	  9a848	USB104A7_ZmodADC_Demo.elf
'Finished building: USB104A7_ZmodADC_Demo.elf.size'
' '
19:15:27 **** Incremental Build of configuration Debug for project USB104A7_ZmodADC_Demo ****
make all 
make: Nothing to be done for 'all'.
